 mysqlmanager

 Timestamp is 4790c737 (Fri Jan 18 15:35:19 2008)

 Preferred load address is 00400000

 Start         Length     Name                   Class
 0001:00000000 00099004H .text                   CODE
 0001:00099010 00001078H .text$yc                CODE
 0002:00000000 00018a78H .rdata                  DATA
 0002:00018a78 000001b5H .rdata$debug            DATA
 0002:00018c30 00001f55H .rdata$r                DATA
 0002:0001ab90 00000109H .rdata$sxdata           DATA
 0002:0001ac9c 00000104H .rtc$IAA                DATA
 0002:0001ada0 00000104H .rtc$IZZ                DATA
 0002:0001aea4 00000104H .rtc$TAA                DATA
 0002:0001afa8 00000104H .rtc$TZZ                DATA
 0002:0001b0ac 00000000H .edata                  DATA
 0003:00000000 00000104H .CRT$XCA                DATA
 0003:00000104 00000104H .CRT$XCAA               DATA
 0003:00000208 00000109H .CRT$XCU                DATA
 0003:00000314 00000104H .CRT$XCZ                DATA
 0003:00000418 00000104H .CRT$XIA                DATA
 0003:0000051c 00000113H .CRT$XIC                DATA
 0003:00000630 00000104H .CRT$XIZ                DATA
 0003:00000734 00000004H .CRT$XLA                DATA
 0003:00000738 00000004H .CRT$XLZ                DATA
 0003:0000073c 00000104H .CRT$XPA                DATA
 0003:00000840 00000109H .CRT$XPX                DATA
 0003:0000094c 00000104H .CRT$XPZ                DATA
 0003:00000a50 00000104H .CRT$XTA                DATA
 0003:00000b54 00000104H .CRT$XTZ                DATA
 0003:00000c60 0012e260H .data                   DATA
 0003:0012eec0 00004204H .bss                    DATA
 0004:00000000 00000050H .idata$2                DATA
 0004:00000050 00000014H .idata$3                DATA
 0004:00000064 000003ccH .idata$4                DATA
 0004:00000430 000003ccH .idata$5                DATA
 0004:000007fc 00000c97H .idata$6                DATA
 0005:00000000 00000101H .tls                    DATA
 0005:00000108 00000186H .tls$                   DATA
 0005:0000028e 00000101H .tls$ZZZ                DATA

  Address         Publics by Value              Rva+Base     Lib:Object

 0000:00000000       __except_list              00000000     <absolute>
 0000:00000002       ___safe_se_handler_count   00000002     <absolute>
 0000:0000002c       __tls_array                0000002c     <absolute>
 0001:00000ae0       ?reserve@Buffer@@QAEHII@Z  00401ae0 f   buffer.obj
 0001:00000bb0       ?get_size@Buffer@@QAEHXZ   00401bb0 f   buffer.obj
 0001:00000bc0       ?is_error@Buffer@@QAEHXZ   00401bc0 f   buffer.obj
 0001:00000bd0       ?append@Buffer@@QAEHIPBDI@Z 00401bd0 f   buffer.obj
 0001:00000c20       ??0Command@@QAE@PAVInstance_map@@@Z 00401c20 f   command.obj
 0001:00000c40       ??1Command@@UAE@XZ         00401c40 f   command.obj
 0001:00000c50       ??_ECommand@@UAEPAXI@Z     00401c50 f i command.obj
 0001:00000c50       ??_GCommand@@UAEPAXI@Z     00401c50 f i command.obj
 0001:00000c80       ??0Buffer@@QAE@I@Z         00401c80 f i commands.obj
 0001:00000cc0       ??1Buffer@@QAE@XZ          00401cc0 f i commands.obj
 0001:00000cd0       ??0Iterator@Instance_map@@QAE@PAV1@@Z 00401cd0 f i commands.obj
 0001:00000cf0       ?execute@Show_instances@@UAEHPAUst_net@@K@Z 00401cf0 f   commands.obj
 0001:00000ec0       ?execute@Flush_instances@@UAEHPAUst_net@@K@Z 00401ec0 f   commands.obj
 0001:00000f00       ??0Show_instance_status@@QAE@PAVInstance_map@@PBDI@Z 00401f00 f   commands.obj
 0001:00000f60       ?execute@Show_instance_status@@UAEHPAUst_net@@K@Z 00401f60 f   commands.obj
 0001:000011b0       ??0Show_instance_options@@QAE@PAVInstance_map@@PBDI@Z 004021b0 f   commands.obj
 0001:00001210       ?execute@Show_instance_options@@UAEHPAUst_net@@K@Z 00402210 f   commands.obj
 0001:000015c0       ??0Start_instance@@QAE@PAVInstance_map@@PBDI@Z 004025c0 f   commands.obj
 0001:00001610       ?execute@Start_instance@@UAEHPAUst_net@@K@Z 00402610 f   commands.obj
 0001:00001680       ??0Show_instance_log@@QAE@PAVInstance_map@@PBDIW4Log_type@@11@Z 00402680 f   commands.obj
 0001:00001720       ?execute@Show_instance_log@@UAEHPAUst_net@@K@Z 00402720 f   commands.obj
 0001:00001a40       ??0Show_instance_log_files@@QAE@PAVInstance_map@@PBDI@Z 00402a40 f   commands.obj
 0001:00001aa0       ?execute@Show_instance_log_files@@UAEHPAUst_net@@K@Z 00402aa0 f   commands.obj
 0001:00001dd0       ??0Set_option@@QAE@PAVInstance_map@@PBDI1I1I@Z 00402dd0 f   commands.obj
 0001:00001ea0       ??_ESet_option@@UAEPAXI@Z  00402ea0 f i commands.obj
 0001:00001ea0       ??_GSet_option@@UAEPAXI@Z  00402ea0 f i commands.obj
 0001:00001ed0       ?correct_file@Set_option@@IAEHH@Z 00402ed0 f   commands.obj
 0001:00001f10       ?do_command@Set_option@@UAEHPAUst_net@@@Z 00402f10 f   commands.obj
 0001:00001f70       ?execute@Set_option@@UAEHPAUst_net@@K@Z 00402f70 f   commands.obj
 0001:00001fc0       ?do_command@Unset_option@@UAEHPAUst_net@@@Z 00402fc0 f   commands.obj
 0001:00002000       ??0Stop_instance@@QAE@PAVInstance_map@@PBDI@Z 00403000 f   commands.obj
 0001:00002050       ?execute@Stop_instance@@UAEHPAUst_net@@K@Z 00403050 f   commands.obj
 0001:000020c0       ?execute@Syntax_error@@UAEHPAUst_net@@K@Z 004030c0 f   commands.obj
 0001:000020d0       ??_GShow_instance_status@@UAEPAXI@Z 004030d0 f i commands.obj
 0001:000020d0       ??_EShow_instance_status@@UAEPAXI@Z 004030d0 f i commands.obj
 0001:00002100       ??_EShow_instance_options@@UAEPAXI@Z 00403100 f i commands.obj
 0001:00002100       ??_GShow_instance_options@@UAEPAXI@Z 00403100 f i commands.obj
 0001:00002130       ??_GStart_instance@@UAEPAXI@Z 00403130 f i commands.obj
 0001:00002130       ??_EStart_instance@@UAEPAXI@Z 00403130 f i commands.obj
 0001:00002160       ??_EShow_instance_log@@UAEPAXI@Z 00403160 f i commands.obj
 0001:00002160       ??_GShow_instance_log@@UAEPAXI@Z 00403160 f i commands.obj
 0001:00002190       ??_EShow_instance_log_files@@UAEPAXI@Z 00403190 f i commands.obj
 0001:00002190       ??_GShow_instance_log_files@@UAEPAXI@Z 00403190 f i commands.obj
 0001:000021c0       ??_EStop_instance@@UAEPAXI@Z 004031c0 f i commands.obj
 0001:000021c0       ??_GStop_instance@@UAEPAXI@Z 004031c0 f i commands.obj
 0001:000021f0       ??0Guardian_thread_args@@QAE@AAVThread_registry@@PAVInstance_map@@I@Z 004031f0 f i guardian.obj
 0001:00002210       ??0Guardian_thread@@QAE@AAVThread_registry@@PAVInstance_map@@I@Z 00403210 f   guardian.obj
 0001:000022a0       ??1Guardian_thread@@QAE@XZ 004032a0 f   guardian.obj
 0001:000022f0       ?process_instance@Guardian_thread@@AAEXPAVInstance@@PAUGUARD_NODE@1@PAPAUst_list@@PAU4@@Z 004032f0 f   guardian.obj
 0001:00002560       ?run@Guardian_thread@@QAEXXZ 00403560 f   guardian.obj
 0001:000026a0       ?is_stopped@Guardian_thread@@QAEHXZ 004036a0 f   guardian.obj
 0001:000026d0       ?guard@Guardian_thread@@QAEHPAVInstance@@H@Z 004036d0 f   guardian.obj
 0001:00002790       ?stop_guard@Guardian_thread@@QAEHPAVInstance@@@Z 00403790 f   guardian.obj
 0001:00002800       ?stop_instances@Guardian_thread@@AAEHXZ 00403800 f   guardian.obj
 0001:00002880       ?lock@Guardian_thread@@QAEXXZ 00403880 f   guardian.obj
 0001:00002890       ?unlock@Guardian_thread@@QAEXXZ 00403890 f   guardian.obj
 0001:000028a0       _guardian                  004038a0 f   guardian.obj
 0001:000028b0       ?request_shutdown@Guardian_thread@@QAEXXZ 004038b0 f   guardian.obj
 0001:000028f0       ?init@Guardian_thread@@QAEHXZ 004038f0 f   guardian.obj
 0001:000029f0       ??0Instance_options@@QAE@XZ 004039f0 f i instance.obj
 0001:00002c50       ?get_map@Instance@@QAEPAVInstance_map@@XZ 00403c50 f   instance.obj
 0001:00002c60       ?remove_pid@Instance@@AAEXXZ 00403c60 f   instance.obj
 0001:00002ca0       ?set_crash_flag_n_wake_all@Instance@@QAEXXZ 00403ca0 f   instance.obj
 0001:00002d00       ??0Instance@@QAE@XZ        00403d00 f   instance.obj
 0001:00002da0       ??1Instance@@QAE@XZ        00403da0 f   instance.obj
 0001:00002dd0       ?is_crashed@Instance@@QAEHXZ 00403dd0 f   instance.obj
 0001:00002e00       ?is_running@Instance@@QAEHXZ 00403e00 f   instance.obj
 0001:00002f40       ?SafeTerminateProcess@@YAHPAXI@Z 00403f40 f   instance.obj
 0001:00003080       ?kill@@YAHHH@Z             00404080 f   instance.obj
 0001:000030c0       ?kill_instance@Instance@@QAEXH@Z 004040c0 f   instance.obj
 0001:00003140       ?init@Instance@@QAEHPBD@Z  00404140 f   instance.obj
 0001:00003150       ?complete_initialization@Instance@@QAEHPAVInstance_map@@PBDI@Z 00404150 f   instance.obj
 0001:00003290       ?stop@Instance@@QAEHXZ     00404290 f   instance.obj
 0001:000033f0       _proxy                     004043f0 f   instance.obj
 0001:00003410       ?start@Instance@@QAEHXZ    00404410 f   instance.obj
 0001:00003530       ??_GInstance@@QAEPAXI@Z    00404530 f i instance_map.obj
 0001:00003560       ?process_one_option@Instance_map@@QAEHPBD0@Z 00404560 f   instance_map.obj
 0001:00003670       ??0Instance_map@@QAE@PBD@Z 00404670 f   instance_map.obj
 0001:00003690       ??1Instance_map@@QAE@XZ    00404690 f   instance_map.obj
 0001:000036d0       ?lock@Instance_map@@QAEXXZ 004046d0 f   instance_map.obj
 0001:000036e0       ?unlock@Instance_map@@QAEXXZ 004046e0 f   instance_map.obj
 0001:000036f0       ?find@Instance_map@@QAEPAVInstance@@PBDI@Z 004046f0 f   instance_map.obj
 0001:00003740       ?complete_initialization@Instance_map@@AAEHXZ 00404740 f   instance_map.obj
 0001:00003820       ?go_to_first@Iterator@Instance_map@@QAEXXZ 00404820 f   instance_map.obj
 0001:00003830       ?next@Iterator@Instance_map@@QAEPAVInstance@@XZ 00404830 f   instance_map.obj
 0001:000038b0       ?init@Instance_map@@QAEHXZ 004048b0 f   instance_map.obj
 0001:000038f0       ?load@Instance_map@@AAEHXZ 004048f0 f   instance_map.obj
 0001:00003a00       ?flush_instances@Instance_map@@QAEHXZ 00404a00 f   instance_map.obj
 0001:00003b10       ?get_default_option@Instance_options@@AAEHPADIPBD@Z 00404b10 f   instance_options.obj
 0001:00003c00       ?fill_instance_version@Instance_options@@AAEHXZ 00404c00 f   instance_options.obj
 0001:00003d70       ?fill_mysqld_real_path@Instance_options@@AAEHXZ 00404d70 f   instance_options.obj
 0001:00003f10       ?fill_log_options@Instance_options@@AAEHXZ 00404f10 f   instance_options.obj
 0001:000042b0       ?get_pid_filename@Instance_options@@QAEHPAD@Z 004052b0 f   instance_options.obj
 0001:00004390       ?unlink_pidfile@Instance_options@@QAEHXZ 00405390 f   instance_options.obj
 0001:000043a0       ?get_pid@Instance_options@@QAEHXZ 004053a0 f   instance_options.obj
 0001:00004410       ?add_option@Instance_options@@QAEHPBD@Z 00405410 f   instance_options.obj
 0001:00004690       ?add_to_argv@Instance_options@@AAEHPBD@Z 00405690 f   instance_options.obj
 0001:000046c0       ?print_argv@Instance_options@@QAEXXZ 004056c0 f   instance_options.obj
 0001:00004730       ?init@Instance_options@@QAEHPBD@Z 00405730 f   instance_options.obj
 0001:000047d0       ??1Instance_options@@QAE@XZ 004057d0 f   instance_options.obj
 0001:00004800       ?complete_initialization@Instance_options@@QAEHPBDI@Z 00405800 f   instance_options.obj
 0001:00004b50       ??0Listener_thread_args@@QAE@AAVThread_registry@@ABUOptions@@ABVUser_map@@AAVInstance_map@@@Z 00405b50 f i listener.obj
 0001:00004b80       ?is_shutdown@Thread_registry@@QAEHXZ 00405b80 f i listener.obj
 0001:00004be0       ??0Listener_thread@@QAE@ABUListener_thread_args@@@Z 00405be0 f   listener.obj
 0001:00004c30       ??1Listener_thread@@QAE@XZ 00405c30 f   listener.obj
 0001:00004c40       ?create_tcp_socket@Listener_thread@@AAEHXZ 00405c40 f   listener.obj
 0001:00004e10       ?handle_new_mysql_connection@Listener_thread@@AAEXPAUst_vio@@@Z 00405e10 f   listener.obj
 0001:00004ee0       ?run@Listener_thread@@QAEXXZ 00405ee0 f   listener.obj
 0001:00005170       _listener                  00406170 f   listener.obj
 0001:00005390       ?log_error@@YAXPBDZZ       00406390 f   log.obj
 0001:000053b0       ?log_info@@YAXPBDZZ        004063b0 f   log.obj
 0001:000053d0       ?print_info@@YAXPBDZZ      004063d0 f   log.obj
 0001:000053f0       ?print_error@@YAXPBDZZ     004063f0 f   log.obj
 0001:00005410       ?log_init@@YAXXZ           00406410 f   log.obj
 0001:00005430       ?die@@YAXPBDZZ             00406430 f   log.obj
 0001:00005490       ??0User_map@@QAE@XZ        00406490 f i manager.obj
 0001:000054a0       ?create_pid_file@@YAHPBDH@Z 004064a0 f   manager.obj
 0001:00005530       ?onsignal@@YAXH@Z          00406530 f   manager.obj
 0001:00005540       ?set_signals@@YAXPAH@Z     00406540 f   manager.obj
 0001:00005570       ?my_sigwait@@YAHPBHPAH@Z   00406570 f   manager.obj
 0001:000055a0       ?stop_all@@YAXPAVGuardian_thread@@PAVThread_registry@@@Z 004065a0 f   manager.obj
 0001:000055e0       ?manager@@YAHABUOptions@@@Z 004065e0 f   manager.obj
 0001:00005a80       ?message@@YAPBDI@Z         00406a80 f   messages.obj
 0001:00005a90       ?errno_to_sqlstate@@YAPBDI@Z 00406a90 f   messages.obj
 0001:00005aa0       ??0Mysql_connection_thread_args@@QAE@PAUst_vio@@AAVThread_registry@@ABVUser_map@@KAAVInstance_map@@@Z 00406aa0 f   mysql_connection.obj
 0001:00005ad0       ??0Mysql_connection_thread@@QAE@ABUMysql_connection_thread_args@@@Z 00406ad0 f   mysql_connection.obj
 0001:00005b30       _my_net_local_init         00406b30 f   mysql_connection.obj
 0001:00005b80       ?init@Mysql_connection_thread@@QAEHXZ 00406b80 f   mysql_connection.obj
 0001:00005c20       ?cleanup@Mysql_connection_thread@@QAEXXZ 00406c20 f   mysql_connection.obj
 0001:00005c30       ??1Mysql_connection_thread@@QAE@XZ 00406c30 f   mysql_connection.obj
 0001:00005c50       ?check_connection@Mysql_connection_thread@@AAEHXZ 00406c50 f   mysql_connection.obj
 0001:00005eb0       ?dispatch_command@Mysql_connection_thread@@AAEHW4enum_server_command@@PBDI@Z 00406eb0 f   mysql_connection.obj
 0001:00006030       ?do_command@Mysql_connection_thread@@AAEHXZ 00407030 f   mysql_connection.obj
 0001:00006120       ?run@Mysql_connection_thread@@QAEXXZ 00407120 f   mysql_connection.obj
 0001:000061e0       _mysql_connection          004071e0 f   mysql_connection.obj
 0001:000062e0       ??0Options@@QAE@XZ         004072e0 f i mysqlmanager.obj
 0001:00006320       _main                      00407320 f   mysqlmanager.obj
 0001:00006700       ?cleanup@Options@@QAEXXZ   00407700 f   options.obj
 0001:00006720       ?setup_windows_defaults@Options@@QAEHXZ 00407720 f   options.obj
 0001:00006800       ?load@Options@@QAEHHPAPAD@Z 00407800 f   options.obj
 0001:00006920       ?get_word@@YAXPAPBDPAIH@Z  00407920 f i parse.obj
 0001:000069f0       ??0Show_instances@@QAE@PAVInstance_map@@@Z 004079f0 f i parse.obj
 0001:00006a10       ??0Flush_instances@@QAE@PAVInstance_map@@@Z 00407a10 f i parse.obj
 0001:00006a30       ??0Syntax_error@@QAE@XZ    00407a30 f i parse.obj
 0001:00006a50       ??1Set_option@@UAE@XZ      00407a50 f i parse.obj
 0001:00006a60       ?find_token@@YA?AW4Token@@PBDI@Z 00407a60 f i parse.obj
 0001:00006ac0       ?get_token@@YA?AW4Token@@PAPBDPAI@Z 00407ac0 f   parse.obj
 0001:00006b00       ?shift_token@@YA?AW4Token@@PAPBDPAI@Z 00407b00 f   parse.obj
 0001:00006b60       ?get_text_id@@YAHPAPBDPAI0@Z 00407b60 f   parse.obj
 0001:00006ba0       ??_EShow_instances@@UAEPAXI@Z 00407ba0 f i parse.obj
 0001:00006ba0       ??_GShow_instances@@UAEPAXI@Z 00407ba0 f i parse.obj
 0001:00006bd0       ??_EFlush_instances@@UAEPAXI@Z 00407bd0 f i parse.obj
 0001:00006bd0       ??_GFlush_instances@@UAEPAXI@Z 00407bd0 f i parse.obj
 0001:00006c00       ??_ESyntax_error@@UAEPAXI@Z 00407c00 f i parse.obj
 0001:00006c00       ??_GSyntax_error@@UAEPAXI@Z 00407c00 f i parse.obj
 0001:00006c30       ??0Unset_option@@QAE@PAVInstance_map@@PBDI1I1I@Z 00407c30 f i parse.obj
 0001:00006c80       ??_EUnset_option@@UAEPAXI@Z 00407c80 f i parse.obj
 0001:00006c80       ??_GUnset_option@@UAEPAXI@Z 00407c80 f i parse.obj
 0001:00006cb0       ?parse_command@@YAPAVCommand@@PAVInstance_map@@PBD@Z 00407cb0 f   parse.obj
 0001:000074a0       ?trim_space@@YAXPAPBDPAI@Z 004084a0 f   parse_output.obj
 0001:00007510       ?parse_output_and_get_value@@YAHPBD0PADII@Z 00408510 f   parse_output.obj
 0001:000076a0       ?set_stacksize_n_create_thread@@YAHPAPAXPAUthread_attr@@P6APAXPAX@Z2@Z 004086a0 f   priv.obj
 0001:000076b0       ?net_send_error@@YAHPAUst_net@@I@Z 004086b0 f   protocol.obj
 0001:00007790       ?net_send_error_323@@YAHPAUst_net@@I@Z 00408790 f   protocol.obj
 0001:00007850       ?net_store_length@@YAPADPADI@Z 00408850 f   protocol.obj
 0001:00007880       ?store_to_protocol_packet@@YAHPAVBuffer@@PBDPAII@Z 00408880 f   protocol.obj
 0001:00007900       ?store_to_protocol_packet@@YAHPAVBuffer@@PBDPAI@Z 00408900 f   protocol.obj
 0001:00007940       ?send_eof@@YAHPAUst_net@@@Z 00408940 f   protocol.obj
 0001:00007990       ?send_fields@@YAHPAUst_net@@PAUst_list@@@Z 00408990 f   protocol.obj
 0001:00007d70       ?net_send_ok@@YAHPAUst_net@@KPBD@Z 00408d70 f   protocol.obj
 0001:00007ec0       ??0Thread_info@@QAE@XZ     00408ec0 f   thread_registry.obj
 0001:00007ed0       ??0Thread_info@@QAE@PAX@Z  00408ed0 f   thread_registry.obj
 0001:00007ee0       ??0Thread_registry@@QAE@XZ 00408ee0 f   thread_registry.obj
 0001:00007f30       ??1Thread_registry@@QAE@XZ 00408f30 f   thread_registry.obj
 0001:00007f70       ?register_thread@Thread_registry@@QAEXPAVThread_info@@@Z 00408f70 f   thread_registry.obj
 0001:00007fc0       ?unregister_thread@Thread_registry@@QAEXPAVThread_info@@@Z 00408fc0 f   thread_registry.obj
 0001:00008020       ?cond_wait@Thread_registry@@QAEHPAVThread_info@@PAUpthread_cond_t@@PAU_RTL_CRITICAL_SECTION@@@Z 00409020 f   thread_registry.obj
 0001:000080a0       ?cond_timedwait@Thread_registry@@QAEHPAVThread_info@@PAUpthread_cond_t@@PAU_RTL_CRITICAL_SECTION@@PAUtimespec@@@Z 004090a0 f   thread_registry.obj
 0001:00008130       ?deliver_shutdown@Thread_registry@@QAEXXZ 00409130 f   thread_registry.obj
 0001:00008230       ?request_shutdown@Thread_registry@@QAEXXZ 00409230 f   thread_registry.obj
 0001:00008240       ?get_error_status@Thread_registry@@QAEHXZ 00409240 f   thread_registry.obj
 0001:00008270       ?set_error_status@Thread_registry@@QAEXXZ 00409270 f   thread_registry.obj
 0001:000082a0       ??0User@@QAE@XZ            004092a0 f i user_map.obj
 0001:000082b0       ?init@User@@QAEHPBD@Z      004092b0 f   user_map.obj
 0001:00008430       ?init@User_map@@QAEHXZ     00409430 f   user_map.obj
 0001:00008470       ??1User_map@@QAE@XZ        00409470 f   user_map.obj
 0001:00008480       ?load@User_map@@QAEHPBD@Z  00409480 f   user_map.obj
 0001:000085e0       ?authenticate@User_map@@QBEHPBDI00@Z 004095e0 f   user_map.obj
 0001:00008630       ??0IMService@@QAE@XZ       00409630 f   IMService.obj
 0001:00008670       ?Shutdown@WindowsService@@MAEXXZ 00409670 f i IMService.obj
 0001:00008680       ?Pause@WindowsService@@MAEXXZ 00409680 f i IMService.obj
 0001:00008690       ?Continue@WindowsService@@MAEXXZ 00409690 f i IMService.obj
 0001:000086a0       ??1IMService@@QAE@XZ       004096a0 f   IMService.obj
 0001:000086b0       ?Stop@IMService@@MAEXXZ    004096b0 f   IMService.obj
 0001:000086d0       ?Run@IMService@@MAEXKPAPAD@Z 004096d0 f   IMService.obj
 0001:00008740       ?Log@IMService@@MAEXPBD@Z  00409740 f   IMService.obj
 0001:00008760       ?HandleServiceOptions@@YAHUOptions@@@Z 00409760 f   IMService.obj
 0001:000088a0       ??0WindowsService@@QAE@XZ  004098a0 f   WindowsService.obj
 0001:000088e0       ?Stop@WindowsService@@MAEXXZ 004098e0 f i WindowsService.obj
 0001:000088f0       ?Log@WindowsService@@MAEXPBD@Z 004098f0 f i WindowsService.obj
 0001:00008900       ??1WindowsService@@QAE@XZ  00409900 f   WindowsService.obj
 0001:00008910       ?IsInstalled@WindowsService@@QAEHXZ 00409910 f   WindowsService.obj
 0001:00008960       ?SetAcceptedControls@WindowsService@@QAEXK@Z 00409960 f   WindowsService.obj
 0001:00008970       ?ReportStatus@WindowsService@@IAEHKKK@Z 00409970 f   WindowsService.obj
 0001:00008a30       ?HandleControlCode@WindowsService@@IAEXK@Z 00409a30 f   WindowsService.obj
 0001:00008ac0       ?ControlHandler@WindowsService@@SGXK@Z 00409ac0 f   WindowsService.obj
 0001:00008ad0       ?Install@WindowsService@@QAEHXZ 00409ad0 f   WindowsService.obj
 0001:00008c10       ?Remove@WindowsService@@QAEHXZ 00409c10 f   WindowsService.obj
 0001:00008cd0       ?RegisterAndRun@WindowsService@@IAEXKPAPAD@Z 00409cd0 f   WindowsService.obj
 0001:00008dc0       ?ServiceMain@WindowsService@@SGXKPAPAD@Z 00409dc0 f   WindowsService.obj
 0001:00008dd0       ?Init@WindowsService@@QAEHXZ 00409dd0 f   WindowsService.obj
 0001:00008e20       _my_net_init               00409e20 f   net_serv.obj
 0001:00008ee0       _net_end                   00409ee0 f   net_serv.obj
 0001:00008f00       _net_realloc               00409f00 f   net_serv.obj
 0001:00009040       _net_clear                 0040a040 f   net_serv.obj
 0001:000090c0       _net_real_write            0040a0c0 f   net_serv.obj
 0001:00009570       _my_net_read               0040a570 f   net_serv.obj
 0001:000097e0       _my_net_set_read_timeout   0040a7e0 f   net_serv.obj
 0001:00009810       _my_net_set_write_timeout  0040a810 f   net_serv.obj
 0001:00009840       _net_flush                 0040a840 f   net_serv.obj
 0001:000099d0       _my_net_write              0040a9d0 f   net_serv.obj
 0001:00009ad0       _net_write_command         0040aad0 f   net_serv.obj
 0001:00009ca0       _net_field_length@4        0040aca0 f   pack.obj
 0001:00009d10       _net_field_length_ll       0040ad10 f   pack.obj
 0001:00009d80       _net_store_length          0040ad80 f   pack.obj
 0001:00009e20       _randominit                0040ae20 f   password.obj
 0001:00009e60       _my_rnd                    0040ae60 f   password.obj
 0001:00009eb0       _hash_password             0040aeb0 f   password.obj
 0001:00009f50       _make_scrambled_password_323 0040af50 f   password.obj
 0001:00009fb0       _scramble_323              0040afb0 f   password.obj
 0001:0000a170       _check_scramble_323        0040b170 f   password.obj
 0001:0000a350       _get_salt_from_password_323 0040b350 f   password.obj
 0001:0000a4b0       _make_password_from_salt_323 0040b4b0 f   password.obj
 0001:0000a4e0       _create_random_string      0040b4e0 f   password.obj
 0001:0000a560       _octet2hex                 0040b560 f   password.obj
 0001:0000a670       _make_scrambled_password   0040b670 f   password.obj
 0001:0000a740       _scramble                  0040b740 f   password.obj
 0001:0000a880       _check_scramble            0040b880 f   password.obj
 0001:0000a980       _get_salt_from_password    0040b980 f   password.obj
 0001:0000a9a0       _make_password_from_salt   0040b9a0 f   password.obj
 0001:0000a9c0       _mysql_errno_to_sqlstate   0040b9c0 f   sql_state.obj
 0001:0000aa20       _my_connect                0040ba20 f   client.obj
 0001:0000aa40       _create_named_pipe         0040ba40 f   client.obj
 0001:0000ad30       _free_rows                 0040bd30 f   client.obj
 0001:0000ad60       _free_old_query            0040bd60 f   client.obj
 0001:0000add0       _set_mysql_error           0040bdd0 f   client.obj
 0001:0000aeb0       _end_server                0040beb0 f   client.obj
 0001:0000af00       _mysql_free_result@4       0040bf00 f   client.obj
 0001:0000b050       _mysql_read_default_options 0040c050 f   client.obj
 0001:0000b5e0       _unpack_fields             0040c5e0 f   client.obj
 0001:0000b9f0       _mysql_init@4              0040c9f0 f   client.obj
 0001:0000bab0       _mysql_ssl_set@24          0040cab0 f   client.obj
 0001:0000bc30       _mysql_get_ssl_cipher@4    0040cc30 f   client.obj
 0001:0000bdb0       _mysql_init_character_set  0040cdb0 f   client.obj
 0001:0000c080       _mysql_select_db@8         0040d080 f   client.obj
 0001:0000c280       _mysql_detach_stmt_list    0040d280 f   client.obj
 0001:0000c290       _mysql_close@4             0040d290 f   client.obj
 0001:0000c370       _mysql_send_query@12       0040d370 f   client.obj
 0001:0000c3b0       _mysql_real_query@12       0040d3b0 f   client.obj
 0001:0000c420       _mysql_store_result@4      0040d420 f   client.obj
 0001:0000c710       _mysql_fetch_lengths@4     0040d710 f   client.obj
 0001:0000c750       _mysql_options@12          0040d750 f   client.obj
 0001:0000cab0       _mysql_num_rows@4          0040dab0 f   client.obj
 0001:0000cac0       _mysql_num_fields@4        0040dac0 f   client.obj
 0001:0000cad0       _mysql_errno@4             0040dad0 f   client.obj
 0001:0000cae0       _mysql_error@4             0040dae0 f   client.obj
 0001:0000caf0       _mysql_get_server_version@4 0040daf0 f   client.obj
 0001:0000cb60       _mysql_set_character_set@8 0040db60 f   client.obj
 0001:0000ccd0       _cli_safe_read             0040dcd0 f   client.obj
 0001:0000cef0       _cli_read_rows             0040def0 f   client.obj
 0001:0000d3c0       _mysql_real_connect@32     0040e3c0 f   client.obj
 0001:0000e470       _mysql_reconnect           0040f470 f   client.obj
 0001:0000e940       _mysql_fetch_row@4         0040f940 f   client.obj
 0001:0000ea40       _cli_advanced_command      0040fa40 f   client.obj
 0001:0000ec40       _get_tty_password          0040fc40 f   get_password.obj
 0001:0000ed50       _init_client_errs          0040fd50 f   errmsg.obj
 0001:0000ed70       _finish_client_errs        0040fd70 f   errmsg.obj
 0001:0000ed88       _InitializeCriticalSection@4 0040fd88 f   kernel32:KERNEL32.dll
 0001:0000ed8e       _DeleteCriticalSection@4   0040fd8e f   kernel32:KERNEL32.dll
 0001:0000ed94       _LeaveCriticalSection@4    0040fd94 f   kernel32:KERNEL32.dll
 0001:0000ed9a       _EnterCriticalSection@4    0040fd9a f   kernel32:KERNEL32.dll
 0001:0000eda0       _GetSystemTimeAsFileTime@4 0040fda0 f   kernel32:KERNEL32.dll
 0001:0000eda6       _CloseHandle@4             0040fda6 f   kernel32:KERNEL32.dll
 0001:0000edac       _GetExitCodeProcess@8      0040fdac f   kernel32:KERNEL32.dll
 0001:0000edb2       _WaitForSingleObject@8     0040fdb2 f   kernel32:KERNEL32.dll
 0001:0000edb8       _CreateProcessA@40         0040fdb8 f   kernel32:KERNEL32.dll
 0001:0000edbe       _SetLastError@4            0040fdbe f   kernel32:KERNEL32.dll
 0001:0000edc4       _GetLastError@0            0040fdc4 f   kernel32:KERNEL32.dll
 0001:0000edca       _CreateRemoteThread@28     0040fdca f   kernel32:KERNEL32.dll
 0001:0000edd0       _GetProcAddress@8          0040fdd0 f   kernel32:KERNEL32.dll
 0001:0000edd6       _DuplicateHandle@28        0040fdd6 f   kernel32:KERNEL32.dll
 0001:0000eddc       _GetCurrentProcess@0       0040fddc f   kernel32:KERNEL32.dll
 0001:0000ede2       _GetModuleHandleA@4        0040fde2 f   kernel32:KERNEL32.dll
 0001:0000ede8       _TerminateProcess@8        0040fde8 f   kernel32:KERNEL32.dll
 0001:0000edee       _OpenProcess@12            0040fdee f   kernel32:KERNEL32.dll
 0001:0000edf4       _Sleep@4                   0040fdf4 f   kernel32:KERNEL32.dll
 0001:0000edfa       _GetCurrentThreadId@0      0040fdfa f   kernel32:KERNEL32.dll
 0001:0000ee00       _GetModuleFileNameA@12     0040fe00 f   kernel32:KERNEL32.dll
 0001:0000ee06       _SetNamedPipeHandleState@16 0040fe06 f   kernel32:KERNEL32.dll
 0001:0000ee0c       _WaitNamedPipeA@8          0040fe0c f   kernel32:KERNEL32.dll
 0001:0000ee12       _CreateFileA@28            0040fe12 f   kernel32:KERNEL32.dll
 0001:0000ee18       _CloseServiceHandle@4      0040fe18 f   advapi32:ADVAPI32.dll
 0001:0000ee1e       _OpenServiceA@12           0040fe1e f   advapi32:ADVAPI32.dll
 0001:0000ee24       _OpenSCManagerA@12         0040fe24 f   advapi32:ADVAPI32.dll
 0001:0000ee2a       _SetServiceStatus@8        0040fe2a f   advapi32:ADVAPI32.dll
 0001:0000ee30       _CreateServiceA@52         0040fe30 f   advapi32:ADVAPI32.dll
 0001:0000ee36       _DeleteService@4           0040fe36 f   advapi32:ADVAPI32.dll
 0001:0000ee3c       _RegisterServiceCtrlHandlerA@8 0040fe3c f   advapi32:ADVAPI32.dll
 0001:0000ee42       _StartServiceCtrlDispatcherA@4 0040fe42 f   advapi32:ADVAPI32.dll
 0001:0000ee50       _my_realloc                0040fe50 f   mysys:my_realloc.obj
 0001:0000eed0       _my_malloc                 0040fed0 f   mysys:my_malloc.obj
 0001:0000ef60       _my_no_flags_free          0040ff60 f   mysys:my_malloc.obj
 0001:0000ef80       _my_memdup                 0040ff80 f   mysys:my_malloc.obj
 0001:0000efc0       _my_strdup                 0040ffc0 f   mysys:my_malloc.obj
 0001:0000f010       _my_strdup_with_length     00410010 f   mysys:my_malloc.obj
 0001:0000f050       _list_add                  00410050 f   mysys:list.obj
 0001:0000f080       _list_delete               00410080 f   mysys:list.obj
 0001:0000f0b0       _list_free                 004100b0 f   mysys:list.obj
 0001:0000f0f0       _list_cons                 004100f0 f   mysys:list.obj
 0001:0000f130       _list_reverse              00410130 f   mysys:list.obj
 0001:0000f160       _list_length               00410160 f   mysys:list.obj
 0001:0000f180       _list_walk                 00410180 f   mysys:list.obj
 0001:0000f1b0       _init_dynamic_array        004101b0 f   mysys:array.obj
 0001:0000f220       _alloc_dynamic             00410220 f   mysys:array.obj
 0001:0000f270       _pop_dynamic               00410270 f   mysys:array.obj
 0001:0000f290       _set_dynamic               00410290 f   mysys:array.obj
 0001:0000f330       _get_dynamic               00410330 f   mysys:array.obj
 0001:0000f380       _delete_dynamic            00410380 f   mysys:array.obj
 0001:0000f3b0       _delete_dynamic_element    004103b0 f   mysys:array.obj
 0001:0000f3f0       _freeze_size               004103f0 f   mysys:array.obj
 0001:0000f430       _insert_dynamic            00410430 f   mysys:array.obj
 0001:0000f480       _my_read                   00410480 f   mysys:my_read.obj
 0001:0000f5a0       _my_seek                   004105a0 f   mysys:my_seek.obj
 0001:0000f640       _my_tell                   00410640 f   mysys:my_seek.obj
 0001:0000f680       _my_dirend                 00410680 f   mysys:my_lib.obj
 0001:0000f700       _my_dir                    00410700 f   mysys:my_lib.obj
 0001:0000f9b0       _my_fstat                  004109b0 f   mysys:my_lib.obj
 0001:0000f9d0       _my_stat                   004109d0 f   mysys:my_lib.obj
 0001:0000fa60       _my_close                  00410a60 f   mysys:my_open.obj
 0001:0000fb30       _my_register_filename      00410b30 f   mysys:my_open.obj
 0001:0000fc50       _my_sopen                  00410c50 f   mysys:my_open.obj
 0001:0000fef0       _my_open                   00410ef0 f   mysys:my_open.obj
 0001:0000ffc0       _modify_defaults_file      00410fc0 f   mysys:default_modify.obj
 0001:00010410       _init_alloc_root           00411410 f   mysys:my_alloc.obj
 0001:00010470       _reset_root_defaults       00411470 f   mysys:my_alloc.obj
 0001:00010510       _alloc_root                00411510 f   mysys:my_alloc.obj
 0001:000105f0       _multi_alloc_root          004115f0 f   mysys:my_alloc.obj
 0001:000106b0       _free_root                 004116b0 f   mysys:my_alloc.obj
 0001:00010750       _set_prealloc_root         00411750 f   mysys:my_alloc.obj
 0001:000107a0       _strmake_root              004117a0 f   mysys:my_alloc.obj
 0001:000107e0       _memdup_root               004117e0 f   mysys:my_alloc.obj
 0001:00010820       _strdup_root               00411820 f   mysys:my_alloc.obj
 0001:00010870       _pthread_cond_init         00411870 f   mysys:my_wincond.obj
 0001:000108e0       _pthread_cond_destroy      004118e0 f   mysys:my_wincond.obj
 0001:00010930       _pthread_cond_timedwait    00411930 f   mysys:my_wincond.obj
 0001:00010a10       _pthread_cond_signal       00411a10 f   mysys:my_wincond.obj
 0001:00010a40       _pthread_cond_broadcast    00411a40 f   mysys:my_wincond.obj
 0001:00010a80       _pthread_attr_init         00411a80 f   mysys:my_wincond.obj
 0001:00010aa0       _pthread_attr_setstacksize 00411aa0 f   mysys:my_wincond.obj
 0001:00010ab0       _pthread_attr_setprio      00411ab0 f   mysys:my_wincond.obj
 0001:00010ac0       _pthread_attr_destroy      00411ac0 f   mysys:my_wincond.obj
 0001:00010ad0       _localtime_r               00411ad0 f   mysys:my_wincond.obj
 0001:00010b40       _pthread_cond_wait         00411b40 f   mysys:my_wincond.obj
 0001:00010b60       _my_thread_global_end      00411b60 f   mysys:my_thr_init.obj
 0001:00010c60       _my_thread_init            00411c60 f   mysys:my_thr_init.obj
 0001:00010ce0       _my_thread_end             00411ce0 f   mysys:my_thr_init.obj
 0001:00010d50       __my_thread_var            00411d50 f   mysys:my_thr_init.obj
 0001:00010d70       _my_thread_id              00411d70 f   mysys:my_thr_init.obj
 0001:00010d90       _my_thread_name            00411d90 f   mysys:my_thr_init.obj
 0001:00010db0       _my_thread_global_init     00411db0 f   mysys:my_thr_init.obj
 0001:00010e60       _win_pthread_init          00411e60 f   mysys:my_winthread.obj
 0001:00010e70       _pthread_exit              00411e70 f   mysys:my_winthread.obj
 0001:00010e80       _win_pthread_setspecific   00411e80 f   mysys:my_winthread.obj
 0001:00010eb0       _pthread_start             00411eb0 f   mysys:my_winthread.obj
 0001:00010f00       _pthread_create            00411f00 f   mysys:my_winthread.obj
 0001:00010f90       _gmtime_r                  00411f90 f   mysys:my_pthread.obj
 0001:00010fd0       _pthread_no_free           00411fd0 f   mysys:my_pthread.obj
 0001:00010fe0       _pthread_dummy             00411fe0 f   mysys:my_pthread.obj
 0001:00011030       __hash_init                00412030 f   mysys:hash.obj
 0001:000110e0       _hash_free                 004120e0 f   mysys:hash.obj
 0001:00011100       _my_hash_reset             00412100 f   mysys:hash.obj
 0001:000112b0       _my_hash_insert            004122b0 f   mysys:hash.obj
 0001:00011550       _hash_delete               00412550 f   mysys:hash.obj
 0001:00011790       _hash_update               00412790 f   mysys:hash.obj
 0001:00011920       _hash_element              00412920 f   mysys:hash.obj
 0001:00011940       _hash_replace              00412940 f   mysys:hash.obj
 0001:00011960       _hash_first                00412960 f   mysys:hash.obj
 0001:00011a80       _hash_next                 00412a80 f   mysys:hash.obj
 0001:00011b20       _hash_search               00412b20 f   mysys:hash.obj
 0001:00011b40       _my_charset_same           00412b40 f   mysys:charset.obj
 0001:000121e0       _get_charsets_dir          004131e0 f   mysys:charset.obj
 0001:000122a0       _add_compiled_collation    004132a0 f   mysys:charset.obj
 0001:000123a0       _free_charsets             004133a0 f   mysys:charset.obj
 0001:000123b0       _get_collation_number      004133b0 f   mysys:charset.obj
 0001:000123d0       _get_charset_number        004133d0 f   mysys:charset.obj
 0001:00012430       _get_charset_name          00413430 f   mysys:charset.obj
 0001:00012550       _get_charset               00413550 f   mysys:charset.obj
 0001:00012620       _get_charset_by_name       00413620 f   mysys:charset.obj
 0001:000126c0       _get_charset_by_csname     004136c0 f   mysys:charset.obj
 0001:00012760       _escape_string_for_mysql   00413760 f   mysys:charset.obj
 0001:00012910       _fs_character_set          00413910 f   mysys:charset.obj
 0001:000129a0       _escape_quotes_for_mysql   004139a0 f   mysys:charset.obj
 0001:00012af0       _get_defaults_options      00413af0 f   mysys:default.obj
 0001:00012bc0       _free_defaults             00413bc0 f   mysys:default.obj
 0001:000135e0       _my_print_default_files    004145e0 f   mysys:default.obj
 0001:00013710       _print_defaults            00414710 f   mysys:default.obj
 0001:00013840       _my_search_option_files    00414840 f   mysys:default.obj
 0001:00013ae0       _load_defaults             00414ae0 f   mysys:default.obj
 0001:00013d80       _strlength                 00414d80 f   mysys:mf_format.obj
 0001:00013dc0       _fn_format                 00414dc0 f   mysys:mf_format.obj
 0001:00014010       _my_load_path              00415010 f   mysys:mf_loadpath.obj
 0001:00014140       _my_fclose                 00415140 f   mysys:my_fopen.obj
 0001:00014250       _my_fopen                  00415250 f   mysys:my_fopen.obj
 0001:000143c0       _my_fdopen                 004153c0 f   mysys:my_fopen.obj
 0001:000144c0       _dirname_length            004154c0 f   mysys:mf_dirname.obj
 0001:00014500       _convert_dirname           00415500 f   mysys:mf_dirname.obj
 0001:000145b0       _dirname_part              004155b0 f   mysys:mf_dirname.obj
 0001:000145e0       _my_delete                 004155e0 f   mysys:my_delete.obj
 0001:00014640       _nt_share_delete           00415640 f   mysys:my_delete.obj
 0001:00014770       _my_end                    00415770 f   mysys:my_init.obj
 0001:000147e0       _setEnvString              004157e0 f   mysys:my_init.obj
 0001:00014800       _my_parameter_handler      00415800 f   mysys:my_init.obj
 0001:00014a40       _my_init                   00415a40 f   mysys:my_init.obj
 0001:00014b60       _my_getopt_register_get_addr 00415b60 f   mysys:my_getopt.obj
 0001:00014bc0       _getopt_compare_strings    00415bc0 f   mysys:my_getopt.obj
 0001:00014d50       _getopt_ull_limit_value    00415d50 f   mysys:my_getopt.obj
 0001:00014f20       _my_print_help             00415f20 f   mysys:my_getopt.obj
 0001:00015160       _my_print_variables        00416160 f   mysys:my_getopt.obj
 0001:00015540       _handle_options            00416540 f   mysys:my_getopt.obj
 0001:00015f40       _my_compress_alloc         00416f40 f   mysys:my_compress.obj
 0001:00015fb0       _my_uncompress             00416fb0 f   mysys:my_compress.obj
 0001:00016020       _my_compress               00417020 f   mysys:my_compress.obj
 0001:00016080       _mysql_sha1_reset          00417080 f   mysys:sha1.obj
 0001:00016850       _mysql_sha1_result         00417850 f   mysys:sha1.obj
 0001:000168b0       _mysql_sha1_input          004178b0 f   mysys:sha1.obj
 0001:00016900       _find_type                 00417900 f   mysys:typelib.obj
 0001:00016a50       _get_type                  00417a50 f   mysys:typelib.obj
 0001:00016a70       _copy_typelib              00417a70 f   mysys:typelib.obj
 0001:00016b40       _make_type                 00417b40 f   mysys:typelib.obj
 0001:00016b90       _my_error                  00417b90 f   mysys:my_error.obj
 0001:00016c40       _my_printf_error           00417c40 f   mysys:my_error.obj
 0001:00016ca0       _my_message                00417ca0 f   mysys:my_error.obj
 0001:00016cb0       _my_error_register         00417cb0 f   mysys:my_error.obj
 0001:00016d30       _my_error_unregister       00417d30 f   mysys:my_error.obj
 0001:00016d80       _my_multi_malloc           00417d80 f   mysys:mulalloc.obj
 0001:00016df0       _my_gethostbyname_r        00417df0 f   mysys:my_gethostbyname.obj
 0001:00016e20       _my_gethostbyname_r_free   00417e20 f   mysys:my_gethostbyname.obj
 0001:00016e30       _thr_alarm_kill            00417e30 f   mysys:thr_alarm.obj
 0001:00016e40       _process_alarm             00417e40 f   mysys:thr_alarm.obj
 0001:00016e50       _thr_alarm                 00417e50 f   mysys:thr_alarm.obj
 0001:00016ea0       _thr_got_alarm             00417ea0 f   mysys:thr_alarm.obj
 0001:00016f10       _thr_end_alarm             00417f10 f   mysys:thr_alarm.obj
 0001:00016f40       _end_thr_alarm             00417f40 f   mysys:thr_alarm.obj
 0001:00016f50       _init_thr_alarm            00417f50 f   mysys:thr_alarm.obj
 0001:00016f60       _thr_alarm_info            00417f60 f   mysys:thr_alarm.obj
 0001:00016f70       _resize_thr_alarm          00417f70 f   mysys:thr_alarm.obj
 0001:00016f80       _my_filename               00417f80 f   mysys:my_div.obj
 0001:00016fc0       _qsort                     00417fc0 f   mysys:mf_qsort.obj
 0001:000175e0       _my_access                 004185e0 f   mysys:my_access.obj
 0001:00017630       _check_if_legal_filename   00418630 f   mysys:my_access.obj
 0001:000176d0       _my_fread                  004186d0 f   mysys:my_fstream.obj
 0001:000177a0       _my_fseek                  004187a0 f   mysys:my_fstream.obj
 0001:000177d0       _my_ftell                  004187d0 f   mysys:my_fstream.obj
 0001:000177e0       _my_fwrite                 004187e0 f   mysys:my_fstream.obj
 0001:000178f0       _my_chsize                 004188f0 f   mysys:my_chsize.obj
 0001:00017a70       _my_once_alloc             00418a70 f   mysys:my_once.obj
 0001:00017b20       _my_once_strdup            00418b20 f   mysys:my_once.obj
 0001:00017b70       _my_once_memdup            00418b70 f   mysys:my_once.obj
 0001:00017bb0       _my_once_free              00418bb0 f   mysys:my_once.obj
 0001:00017be0       _my_getwd                  00418be0 f   mysys:my_getwd.obj
 0001:00017c80       _test_if_hard_path         00418c80 f   mysys:my_getwd.obj
 0001:00017cd0       _has_path                  00418cd0 f   mysys:my_getwd.obj
 0001:00017d10       _my_setwd                  00418d10 f   mysys:my_getwd.obj
 0001:00017dc0       _init_compiled_charsets    00418dc0 f   mysys:charset-def.obj
 0001:00018090       _fn_ext                    00419090 f   mysys:mf_fn_ext.obj
 0001:000180f0       _my_readlink               004190f0 f   mysys:my_symlink.obj
 0001:00018110       _my_symlink                00419110 f   mysys:my_symlink.obj
 0001:00018120       _my_realpath               00419120 f   mysys:my_symlink.obj
 0001:00018140       _cleanup_dirname           00419140 f   mysys:mf_pack.obj
 0001:00018410       _symdirget                 00419410 f   mysys:mf_pack.obj
 0001:00018550       _system_filename           00419550 f   mysys:mf_pack.obj
 0001:00018570       _intern_filename           00419570 f   mysys:mf_pack.obj
 0001:00018600       _pack_dirname              00419600 f   mysys:mf_pack.obj
 0001:000187f0       _unpack_dirname            004197f0 f   mysys:mf_pack.obj
 0001:00018920       _unpack_filename           00419920 f   mysys:mf_pack.obj
 0001:000189e0       _my_message_no_curses      004199e0 f   mysys:my_messnc.obj
 0001:00018a60       _init_glob_errs            00419a60 f   mysys:errors.obj
 0001:00018a70       _my_write                  00419a70 f   mysys:my_write.obj
 0001:00018be0       _strnmov                   00419be0 f   strings:strnmov.obj
 0001:00018c10       _int2str                   00419c10 f   strings:int2str.obj
 0001:00018cf0       _int10_to_str              00419cf0 f   strings:int2str.obj
 0001:00018d90       _strmake                   00419d90 f   strings:strmake.obj
 0001:00018dc0       _strmov                    00419dc0 f   strings:strmov.obj
 0001:00018de0       _strxnmov                  00419de0 f   strings:strxnmov.obj
 0001:00018e30       _strend                    00419e30 f   strings:strend.obj
 0001:00018e40       _is_prefix                 00419e40 f   strings:is_prefix.obj
 0001:00019100       _my_hash_sort_latin1_de    0041a100 f   strings:ctype-latin1.obj
 0001:000191b0       _my_vsnprintf              0041a1b0 f   strings:my_vsnprintf.obj
 0001:000194c0       _my_snprintf               0041a4c0 f   strings:my_vsnprintf.obj
 0001:000194e0       _strcend                   0041a4e0 f   strings:strcend.obj
 0001:00019500       _my_strnxfrmlen_simple     0041a500 f   strings:ctype-simple.obj
 0001:00019520       _my_strnxfrm_simple        0041a520 f   strings:ctype-simple.obj
 0001:000195a0       _my_strnncoll_simple       0041a5a0 f   strings:ctype-simple.obj
 0001:00019610       _my_strnncollsp_simple     0041a610 f   strings:ctype-simple.obj
 0001:000196c0       _my_caseup_str_8bit        0041a6c0 f   strings:ctype-simple.obj
 0001:00019700       _my_casedn_str_8bit        0041a700 f   strings:ctype-simple.obj
 0001:00019740       _my_caseup_8bit            0041a740 f   strings:ctype-simple.obj
 0001:00019770       _my_casedn_8bit            0041a770 f   strings:ctype-simple.obj
 0001:000197a0       _my_strcasecmp_8bit        0041a7a0 f   strings:ctype-simple.obj
 0001:00019800       _my_mb_wc_8bit             0041a800 f   strings:ctype-simple.obj
 0001:00019840       _my_wc_mb_8bit             0041a840 f   strings:ctype-simple.obj
 0001:000198a0       _my_snprintf_8bit          0041a8a0 f   strings:ctype-simple.obj
 0001:000198c0       _my_hash_sort_simple       0041a8c0 f   strings:ctype-simple.obj
 0001:00019940       _my_strntol_8bit           0041a940 f   strings:ctype-simple.obj
 0001:00019a90       _my_strntoul_8bit          0041aa90 f   strings:ctype-simple.obj
 0001:00019bd0       _my_strntoll_8bit          0041abd0 f   strings:ctype-simple.obj
 0001:00019da0       _my_strntoull_8bit         0041ada0 f   strings:ctype-simple.obj
 0001:00019f30       _my_strntod_8bit           0041af30 f   strings:ctype-simple.obj
 0001:00019f60       _my_long10_to_str_8bit     0041af60 f   strings:ctype-simple.obj
 0001:0001a030       _my_longlong10_to_str_8bit 0041b030 f   strings:ctype-simple.obj
 0001:0001a150       _my_wildcmp_8bit           0041b150 f   strings:ctype-simple.obj
 0001:0001a2e0       _my_like_range_simple      0041b2e0 f   strings:ctype-simple.obj
 0001:0001a3f0       _my_scan_8bit              0041b3f0 f   strings:ctype-simple.obj
 0001:0001a450       _my_fill_8bit              0041b450 f   strings:ctype-simple.obj
 0001:0001a480       _my_numchars_8bit          0041b480 f   strings:ctype-simple.obj
 0001:0001a490       _my_numcells_8bit          0041b490 f   strings:ctype-simple.obj
 0001:0001a4a0       _my_charpos_8bit           0041b4a0 f   strings:ctype-simple.obj
 0001:0001a4b0       _my_well_formed_len_8bit   0041b4b0 f   strings:ctype-simple.obj
 0001:0001a4d0       _my_lengthsp_8bit          0041b4d0 f   strings:ctype-simple.obj
 0001:0001a4f0       _my_instr_simple           0041b4f0 f   strings:ctype-simple.obj
 0001:0001aac0       _my_strtoll10_8bit         0041bac0 f   strings:ctype-simple.obj
 0001:0001aae0       _my_strntoull10rnd_8bit    0041bae0 f   strings:ctype-simple.obj
 0001:0001af30       _my_propagate_simple       0041bf30 f   strings:ctype-simple.obj
 0001:0001af40       _my_propagate_complex      0041bf40 f   strings:ctype-simple.obj
 0001:0001afb0       _my_lengthsp_binary        0041bfb0 f   strings:ctype-bin.obj
 0001:0001b150       _my_mbcharlen_8bit         0041c150 f   strings:ctype-bin.obj
 0001:0001b1b0       _my_hash_sort_8bit_bin     0041c1b0 f   strings:ctype-bin.obj
 0001:0001b210       _my_hash_sort_bin          0041c210 f   strings:ctype-bin.obj
 0001:0001b260       _my_wildcmp_bin            0041c260 f   strings:ctype-bin.obj
 0001:0001bb60       _my_parse_charset_xml      0041cb60 f   strings:ctype.obj
 0001:0001bc10       _my_string_repertoire      0041cc10 f   strings:ctype.obj
 0001:0001bc90       _my_charset_is_ascii_based 0041cc90 f   strings:ctype.obj
 0001:0001bcd0       _my_charset_is_8bit_pure_ascii 0041ccd0 f   strings:ctype.obj
 0001:0001d000       _strxmov                   0041e000 f   strings:strxmov.obj
 0001:0001d870       _str2int                   0041e870 f   strings:str2int.obj
 0001:0001da20       _strtoll                   0041ea20 f   strings:strtoll.obj
 0001:0001dc50       _longlong2str              0041ec50 f   strings:longlong2str.obj
 0001:0001dd90       _longlong10_to_str         0041ed90 f   strings:longlong2str.obj
 0001:0001de90       _llstr                     0041ee90 f   strings:llstr.obj
 0001:0001deb0       _my_wildcmp_unicode        0041eeb0 f   strings:ctype-utf8.obj
 0001:000210b0       _my_strntol_ucs2           004220b0 f   strings:ctype-ucs2.obj
 0001:000212c0       _my_strntoul_ucs2          004222c0 f   strings:ctype-ucs2.obj
 0001:000214b0       _my_strntoll_ucs2          004224b0 f   strings:ctype-ucs2.obj
 0001:00021760       _my_strntoull_ucs2         00422760 f   strings:ctype-ucs2.obj
 0001:000219d0       _my_strntod_ucs2           004229d0 f   strings:ctype-ucs2.obj
 0001:00021aa0       _my_strntoull10rnd_ucs2    00422aa0 f   strings:ctype-ucs2.obj
 0001:00021b70       _my_l10tostr_ucs2          00422b70 f   strings:ctype-ucs2.obj
 0001:00021c40       _my_ll10tostr_ucs2         00422c40 f   strings:ctype-ucs2.obj
 0001:00021d60       _my_strtoll10_ucs2         00422d60 f   strings:ctype-ucs2.obj
 0001:00022450       _my_like_range_ucs2        00423450 f   strings:ctype-ucs2.obj
 0001:00022740       _my_scan_ucs2              00423740 f   strings:ctype-ucs2.obj
 0001:00023370       _my_strnncoll_gbk_internal 00424370 f   strings:ctype-gbk.obj
 0001:000234a0       _my_strnncoll_gbk          004244a0 f   strings:ctype-gbk.obj
 0001:00027170       _bchange                   00428170 f   strings:bchange.obj
 0001:000271d0       _bmove_upp                 004281d0 f   strings:bmove_upp.obj
 0001:000271f0       _my_strtod                 004281f0 f   strings:strtod.obj
 0001:00027570       _my_atof                   00428570 f   strings:strtod.obj
 0001:000275a0       _my_strtoll10              004285a0 f   strings:my_strtoll10.obj
 0001:00027d90       _my_xml_parse              00428d90 f   strings:xml.obj
 0001:00028140       _my_xml_parser_create      00429140 f   strings:xml.obj
 0001:00028150       _my_xml_parser_free        00429150 f   strings:xml.obj
 0001:00028160       _my_xml_set_value_handler  00429160 f   strings:xml.obj
 0001:00028170       _my_xml_set_enter_handler  00429170 f   strings:xml.obj
 0001:00028180       _my_xml_set_leave_handler  00429180 f   strings:xml.obj
 0001:00028190       _my_xml_set_user_data      00429190 f   strings:xml.obj
 0001:000281a0       _my_xml_error_string       004291a0 f   strings:xml.obj
 0001:000281b0       _my_xml_error_pos          004291b0 f   strings:xml.obj
 0001:000281e0       _my_xml_error_lineno       004291e0 f   strings:xml.obj
 0001:00028210       _my_caseup_str_mb          00429210 f   strings:ctype-mb.obj
 0001:00028260       _my_casedn_str_mb          00429260 f   strings:ctype-mb.obj
 0001:000282b0       _my_caseup_mb              004292b0 f   strings:ctype-mb.obj
 0001:00028300       _my_casedn_mb              00429300 f   strings:ctype-mb.obj
 0001:00028350       _my_strcasecmp_mb          00429350 f   strings:ctype-mb.obj
 0001:000283e0       _my_wildcmp_mb             004293e0 f   strings:ctype-mb.obj
 0001:00028700       _my_numchars_mb            00429700 f   strings:ctype-mb.obj
 0001:00028740       _my_charpos_mb             00429740 f   strings:ctype-mb.obj
 0001:000287a0       _my_well_formed_len_mb     004297a0 f   strings:ctype-mb.obj
 0001:00028810       _my_instr_mb               00429810 f   strings:ctype-mb.obj
 0001:00028b80       _my_like_range_mb          00429b80 f   strings:ctype-mb.obj
 0001:000290c0       _my_numcells_mb            0042a0c0 f   strings:ctype-mb.obj
 0001:00029160       _vio_delete                0042a160 f   vio:vio.obj
 0001:00029190       _vio_end                   0042a190 f   vio:vio.obj
 0001:00029310       _vio_reset                 0042a310 f   vio:vio.obj
 0001:00029340       _vio_new                   0042a340 f   vio:vio.obj
 0001:000293c0       _vio_new_win32pipe         0042a3c0 f   vio:vio.obj
 0001:00029490       _vio_new_win32shared_memory 0042a490 f   vio:vio.obj
 0001:000295b0       _vio_errno                 0042a5b0 f   vio:viosocket.obj
 0001:000295c0       _vio_read                  0042a5c0 f   vio:viosocket.obj
 0001:000295e0       _vio_read_buff             0042a5e0 f   vio:viosocket.obj
 0001:00029690       _vio_write                 0042a690 f   vio:viosocket.obj
 0001:000296b0       _vio_blocking              0042a6b0 f   vio:viosocket.obj
 0001:00029730       _vio_is_blocking           0042a730 f   vio:viosocket.obj
 0001:00029740       _vio_fastsend              0042a740 f   vio:viosocket.obj
 0001:00029770       _vio_keepalive             0042a770 f   vio:viosocket.obj
 0001:000297b0       _vio_should_retry          0042a7b0 f   vio:viosocket.obj
 0001:000297e0       _vio_was_interrupted       0042a7e0 f   vio:viosocket.obj
 0001:00029810       _vio_close                 0042a810 f   vio:viosocket.obj
 0001:00029880       _vio_description           0042a880 f   vio:viosocket.obj
 0001:00029890       _vio_type                  0042a890 f   vio:viosocket.obj
 0001:000298a0       _vio_fd                    0042a8a0 f   vio:viosocket.obj
 0001:000298b0       _vio_peer_addr             0042a8b0 f   vio:viosocket.obj
 0001:00029930       _vio_in_addr               0042a930 f   vio:viosocket.obj
 0001:00029950       _vio_poll_read             0042a950 f   vio:viosocket.obj
 0001:00029960       _vio_timeout               0042a960 f   vio:viosocket.obj
 0001:000299a0       _vio_read_pipe             0042a9a0 f   vio:viosocket.obj
 0001:000299d0       _vio_write_pipe            0042a9d0 f   vio:viosocket.obj
 0001:00029a00       _vio_close_pipe            0042aa00 f   vio:viosocket.obj
 0001:00029a20       _vio_ignore_timeout        0042aa20 f   vio:viosocket.obj
 0001:00029a30       _vio_read_shared_memory    0042aa30 f   vio:viosocket.obj
 0001:00029b50       _vio_write_shared_memory   0042ab50 f   vio:viosocket.obj
 0001:00029c00       _vio_close_shared_memory   0042ac00 f   vio:viosocket.obj
 0001:00029cd0       _vio_ssl_read              0042acd0 f   vio:viossl.obj
 0001:00029cf0       _vio_ssl_write             0042acf0 f   vio:viossl.obj
 0001:00029d10       _vio_ssl_close             0042ad10 f   vio:viossl.obj
 0001:00029d40       _vio_ssl_delete            0042ad40 f   vio:viossl.obj
 0001:00029da0       _sslconnect                0042ada0 f   vio:viossl.obj
 0001:00029e80       _vio_ssl_blocking          0042ae80 f   vio:viossl.obj
 0001:00029ea0       _sslaccept                 0042aea0 f   vio:viossl.obj
 0001:0002a1e0       _new_VioSSLConnectorFd     0042b1e0 f   vio:viosslfactories.obj
 0001:0002a240       _new_VioSSLAcceptorFd      0042b240 f   vio:viosslfactories.obj
 0001:0002a2a0       ??2@YAPAXIPAUDummy@@@Z     0042b2a0 f i yassl:ssl.obj
 0001:0002a2b0       ??1Message@yaSSL@@UAE@XZ   0042b2b0 f i yassl:ssl.obj
 0001:0002a2c0       ??_EMessage@yaSSL@@UAEPAXI@Z 0042b2c0 f i yassl:ssl.obj
 0001:0002a2c0       ??_GMessage@yaSSL@@UAEPAXI@Z 0042b2c0 f i yassl:ssl.obj
 0001:0002a2e0       ??1Alert@yaSSL@@UAE@XZ     0042b2e0 f i yassl:ssl.obj
 0001:0002a2f0       ??1HandShakeBase@yaSSL@@UAE@XZ 0042b2f0 f i yassl:ssl.obj
 0001:0002a300       ??_EHandShakeBase@yaSSL@@UAEPAXI@Z 0042b300 f i yassl:ssl.obj
 0001:0002a300       ??_GHandShakeBase@yaSSL@@UAEPAXI@Z 0042b300 f i yassl:ssl.obj
 0001:0002a320       ??0EncryptedInfo@yaSSL@@QAE@XZ 0042b320 f i yassl:ssl.obj
 0001:0002a330       ?min@TaoCrypt@@YAIII@Z     0042b330 f i yassl:ssl.obj
 0001:0002a340       ??0Error@TaoCrypt@@QAE@W4ErrorNumber@1@@Z 0042b340 f i yassl:ssl.obj
 0001:0002a350       ?assign@BIGNUM@yaSSL@@QAEXPBEI@Z 0042b350 f i yassl:ssl.obj
 0001:0002a360       ??1Finished@yaSSL@@UAE@XZ  0042b360 f i yassl:ssl.obj
 0001:0002a370       ??1HASH@TaoCrypt@@UAE@XZ   0042b370 f i yassl:ssl.obj
 0001:0002a380       ??_EHASH@TaoCrypt@@UAEPAXI@Z 0042b380 f i yassl:ssl.obj
 0001:0002a380       ??_GHASH@TaoCrypt@@UAEPAXI@Z 0042b380 f i yassl:ssl.obj
 0001:0002a3a0       ??1HASHwithTransform@TaoCrypt@@UAE@XZ 0042b3a0 f i yassl:ssl.obj
 0001:0002a3b0       ??0MD5@TaoCrypt@@QAE@XZ    0042b3b0 f i yassl:ssl.obj
 0001:0002a3d0       ?getByteOrder@MD5@TaoCrypt@@UBE?AW4ByteOrder@2@XZ 0042b3d0 f i yassl:ssl.obj
 0001:0002a3e0       ?getBlockSize@MD5@TaoCrypt@@UBEIXZ 0042b3e0 f i yassl:ssl.obj
 0001:0002a3f0       ?getDigestSize@MD5@TaoCrypt@@UBEIXZ 0042b3f0 f i yassl:ssl.obj
 0001:0002a400       ?getPadSize@MD5@TaoCrypt@@UBEIXZ 0042b400 f i yassl:ssl.obj
 0001:0002a410       ??0MD4@TaoCrypt@@QAE@XZ    0042b410 f i yassl:ssl.obj
 0001:0002a430       ?getByteOrder@MD4@TaoCrypt@@UBE?AW4ByteOrder@2@XZ 0042b430 f i yassl:ssl.obj
 0001:0002a440       ?getBlockSize@MD4@TaoCrypt@@UBEIXZ 0042b440 f i yassl:ssl.obj
 0001:0002a450       ?getDigestSize@MD4@TaoCrypt@@UBEIXZ 0042b450 f i yassl:ssl.obj
 0001:0002a460       ?getPadSize@MD4@TaoCrypt@@UBEIXZ 0042b460 f i yassl:ssl.obj
 0001:0002a470       _yaSSLv3_server_method     0042b470 f   yassl:ssl.obj
 0001:0002a4b0       _yaSSLv3_client_method     0042b4b0 f   yassl:ssl.obj
 0001:0002a4f0       _yaTLSv1_server_method     0042b4f0 f   yassl:ssl.obj
 0001:0002a530       _yaTLSv1_client_method     0042b530 f   yassl:ssl.obj
 0001:0002a570       _yaTLSv1_1_server_method   0042b570 f   yassl:ssl.obj
 0001:0002a5b0       _yaTLSv1_1_client_method   0042b5b0 f   yassl:ssl.obj
 0001:0002a5f0       _yaSSLv23_server_method    0042b5f0 f   yassl:ssl.obj
 0001:0002a630       _yaSSLv23_client_method    0042b630 f   yassl:ssl.obj
 0001:0002a670       _yaSSL_CTX_new             0042b670 f   yassl:ssl.obj
 0001:0002a6a0       _yaSSL_new                 0042b6a0 f   yassl:ssl.obj
 0001:0002a6d0       _yaSSL_set_fd              0042b6d0 f   yassl:ssl.obj
 0001:0002a6f0       _yaSSL_get_fd              0042b6f0 f   yassl:ssl.obj
 0001:0002a700       _yaSSL_connect             0042b700 f   yassl:ssl.obj
 0001:0002a950       _yaSSL_write               0042b950 f   yassl:ssl.obj
 0001:0002a960       ??1Data@yaSSL@@UAE@XZ      0042b960 f i yassl:ssl.obj
 0001:0002a970       _yaSSL_accept              0042b970 f   yassl:ssl.obj
 0001:0002abf0       _yaSSL_do_handshake        0042bbf0 f   yassl:ssl.obj
 0001:0002ac20       _yaSSL_clear               0042bc20 f   yassl:ssl.obj
 0001:0002ac40       _yaSSL_shutdown            0042bc40 f   yassl:ssl.obj
 0001:0002acb0       _yaSSL_set_quiet_shutdown  0042bcb0 f   yassl:ssl.obj
 0001:0002acd0       _yaSSL_get_quiet_shutdown  0042bcd0 f   yassl:ssl.obj
 0001:0002ace0       _yaSSL_CTX_set_session_cache_mode 0042bce0 f   yassl:ssl.obj
 0001:0002ad00       _yaSSL_get_session         0042bd00 f   yassl:ssl.obj
 0001:0002ad50       _yaSSL_set_session         0042bd50 f   yassl:ssl.obj
 0001:0002ad90       _yaSSL_session_reused      0042bd90 f   yassl:ssl.obj
 0001:0002adb0       _yaSSL_SESSION_set_timeout 0042bdb0 f   yassl:ssl.obj
 0001:0002add0       _yaSSL_get_default_timeout 0042bdd0 f   yassl:ssl.obj
 0001:0002ade0       _yaSSL_get_cipher          0042bde0 f   yassl:ssl.obj
 0001:0002ae00       _yaSSL_get_shared_ciphers  0042be00 f   yassl:ssl.obj
 0001:0002ae20       _yaSSL_get_cipher_list     0042be20 f   yassl:ssl.obj
 0001:0002ae80       _yaSSL_CTX_set_cipher_list 0042be80 f   yassl:ssl.obj
 0001:0002aea0       _yaSSL_get_version         0042bea0 f   yassl:ssl.obj
 0001:0002aec0       _yaSSLeay_version          0042bec0 f   yassl:ssl.obj
 0001:0002aed0       _yaSSL_get_error           0042bed0 f   yassl:ssl.obj
 0001:0002aee0       _yaSSL_set_compression     0042bee0 f   yassl:ssl.obj
 0001:0002aef0       _yaSSL_get_peer_certificate 0042bef0 f   yassl:ssl.obj
 0001:0002af10       _yaX509_free               0042bf10 f   yassl:ssl.obj
 0001:0002af20       _yaX509_STORE_CTX_get_current_cert 0042bf20 f   yassl:ssl.obj
 0001:0002af30       _yaX509_STORE_CTX_get_error 0042bf30 f   yassl:ssl.obj
 0001:0002af40       _yaX509_STORE_CTX_get_error_depth 0042bf40 f   yassl:ssl.obj
 0001:0002af50       _yaX509_NAME_oneline       0042bf50 f   yassl:ssl.obj
 0001:0002afe0       _yaX509_get_issuer_name    0042bfe0 f   yassl:ssl.obj
 0001:0002aff0       _yaX509_get_subject_name   0042bff0 f   yassl:ssl.obj
 0001:0002b000       _yaSSL_load_error_strings  0042c000 f   yassl:ssl.obj
 0001:0002b010       _yaSSL_set_connect_state   0042c010 f   yassl:ssl.obj
 0001:0002b020       _yaSSL_set_accept_state    0042c020 f   yassl:ssl.obj
 0001:0002b040       _yaSSL_get_verify_result   0042c040 f   yassl:ssl.obj
 0001:0002b050       _yaSSL_CTX_sess_set_cache_size 0042c050 f   yassl:ssl.obj
 0001:0002b060       _yaSSL_CTX_get_session_cache_mode 0042c060 f   yassl:ssl.obj
 0001:0002b070       _yaSSL_CTX_set_tmp_dh      0042c070 f   yassl:ssl.obj
 0001:0002b090       _yaSSL_CTX_set_verify      0042c090 f   yassl:ssl.obj
 0001:0002b0d0       _yaSSL_CTX_set_default_verify_paths 0042c0d0 f   yassl:ssl.obj
 0001:0002b0e0       _yaSSL_CTX_set_session_id_context 0042c0e0 f   yassl:ssl.obj
 0001:0002b0f0       _yaSSL_CTX_check_private_key 0042c0f0 f   yassl:ssl.obj
 0001:0002b100       _yaSSL_CTX_sess_accept     0042c100 f   yassl:ssl.obj
 0001:0002b110       _yaSSL_CTX_sess_connect    0042c110 f   yassl:ssl.obj
 0001:0002b120       _yaSSL_CTX_sess_accept_good 0042c120 f   yassl:ssl.obj
 0001:0002b130       _yaSSL_CTX_sess_connect_good 0042c130 f   yassl:ssl.obj
 0001:0002b140       _yaSSL_CTX_sess_accept_renegotiate 0042c140 f   yassl:ssl.obj
 0001:0002b150       _yaSSL_CTX_sess_connect_renegotiate 0042c150 f   yassl:ssl.obj
 0001:0002b160       _yaSSL_CTX_sess_hits       0042c160 f   yassl:ssl.obj
 0001:0002b170       _yaSSL_CTX_sess_cb_hits    0042c170 f   yassl:ssl.obj
 0001:0002b180       _yaSSL_CTX_sess_cache_full 0042c180 f   yassl:ssl.obj
 0001:0002b190       _yaSSL_CTX_sess_misses     0042c190 f   yassl:ssl.obj
 0001:0002b1a0       _yaSSL_CTX_sess_timeouts   0042c1a0 f   yassl:ssl.obj
 0001:0002b1b0       _yaSSL_CTX_sess_number     0042c1b0 f   yassl:ssl.obj
 0001:0002b1c0       _yaSSL_CTX_sess_get_cache_size 0042c1c0 f   yassl:ssl.obj
 0001:0002b1d0       _yaSSL_CTX_get_verify_mode 0042c1d0 f   yassl:ssl.obj
 0001:0002b1e0       _yaSSL_get_verify_mode     0042c1e0 f   yassl:ssl.obj
 0001:0002b200       _yaSSL_CTX_get_verify_depth 0042c200 f   yassl:ssl.obj
 0001:0002b210       _yaSSL_get_verify_depth    0042c210 f   yassl:ssl.obj
 0001:0002b230       _yaSSL_CTX_set_options     0042c230 f   yassl:ssl.obj
 0001:0002b240       _yaSSL_CTX_set_info_callback 0042c240 f   yassl:ssl.obj
 0001:0002b250       _yaOpenSSL_add_all_algorithms 0042c250 f   yassl:ssl.obj
 0001:0002b260       _yaSSL_library_init        0042c260 f   yassl:ssl.obj
 0001:0002b270       _yaDH_new                  0042c270 f   yassl:ssl.obj
 0001:0002b290       ??0BIGNUM@yaSSL@@QAE@XZ    0042c290 f i yassl:ssl.obj
 0001:0002b2a0       _yaERR_get_error_line_data 0042c2a0 f   yassl:ssl.obj
 0001:0002b2b0       _yaERR_print_errors_fp     0042c2b0 f   yassl:ssl.obj
 0001:0002b2c0       _yaERR_error_string        0042c2c0 f   yassl:ssl.obj
 0001:0002b2f0       _yaX509_verify_cert_error_string 0042c2f0 f   yassl:ssl.obj
 0001:0002b300       _yaEVP_md5                 0042c300 f   yassl:ssl.obj
 0001:0002b310       _yaEVP_des_ede3_cbc        0042c310 f   yassl:ssl.obj
 0001:0002b320       _yaEVP_BytesToKey          0042c320 f   yassl:ssl.obj
 0001:0002b580       _yaDES_set_key_unchecked   0042c580 f   yassl:ssl.obj
 0001:0002b5a0       _yaDES_ede3_cbc_encrypt    0042c5a0 f   yassl:ssl.obj
 0001:0002b670       _yaRAND_status             0042c670 f   yassl:ssl.obj
 0001:0002b680       _yaDES_set_key             0042c680 f   yassl:ssl.obj
 0001:0002b6a0       _yaDES_set_odd_parity      0042c6a0 f   yassl:ssl.obj
 0001:0002b6b0       _yaDES_ecb_encrypt         0042c6b0 f   yassl:ssl.obj
 0001:0002b720       _yaSSL_CTX_set_default_passwd_cb_userdata 0042c720 f   yassl:ssl.obj
 0001:0002b730       _yaSSL_get_certificate     0042c730 f   yassl:ssl.obj
 0001:0002b740       _yaSSL_get_privatekey      0042c740 f   yassl:ssl.obj
 0001:0002b750       _yaSSL_SESSION_free        0042c750 f   yassl:ssl.obj
 0001:0002b760       _yaX509_get_pubkey         0042c760 f   yassl:ssl.obj
 0001:0002b770       _yaEVP_PKEY_copy_parameters 0042c770 f   yassl:ssl.obj
 0001:0002b780       _yaEVP_PKEY_free           0042c780 f   yassl:ssl.obj
 0001:0002b790       _yaERR_error_string_n      0042c790 f   yassl:ssl.obj
 0001:0002b7b0       _yaERR_free_strings        0042c7b0 f   yassl:ssl.obj
 0001:0002b7c0       _yaEVP_cleanup             0042c7c0 f   yassl:ssl.obj
 0001:0002b7d0       _yaX509_get_notBefore      0042c7d0 f   yassl:ssl.obj
 0001:0002b7e0       _yaX509_get_notAfter       0042c7e0 f   yassl:ssl.obj
 0001:0002b7f0       _yaSSLv2_client_method     0042c7f0 f   yassl:ssl.obj
 0001:0002b800       _yaSSL_get1_session        0042c800 f   yassl:ssl.obj
 0001:0002b850       _yaGENERAL_NAMES_free      0042c850 f   yassl:ssl.obj
 0001:0002b860       _yask_GENERAL_NAME_num     0042c860 f   yassl:ssl.obj
 0001:0002b870       _yask_GENERAL_NAME_value   0042c870 f   yassl:ssl.obj
 0001:0002b880       _yaASN1_STRING_data        0042c880 f   yassl:ssl.obj
 0001:0002b890       _yaASN1_STRING_length      0042c890 f   yassl:ssl.obj
 0001:0002b8a0       _yaASN1_STRING_type        0042c8a0 f   yassl:ssl.obj
 0001:0002b8b0       _yaX509_NAME_get_index_by_NID 0042c8b0 f   yassl:ssl.obj
 0001:0002b8f0       _yaX509_NAME_ENTRY_get_data 0042c8f0 f   yassl:ssl.obj
 0001:0002b900       _yaX509_NAME_get_entry     0042c900 f   yassl:ssl.obj
 0001:0002b910       _yaASN1_STRING_to_UTF8     0042c910 f   yassl:ssl.obj
 0001:0002b960       _yaX509_get_ext_d2i        0042c960 f   yassl:ssl.obj
 0001:0002b970       _yaMD4_Init                0042c970 f   yassl:ssl.obj
 0001:0002b9a0       _yaMD4_Update              0042c9a0 f   yassl:ssl.obj
 0001:0002b9c0       _yaMD4_Final               0042c9c0 f   yassl:ssl.obj
 0001:0002b9d0       _yaMD5_Init                0042c9d0 f   yassl:ssl.obj
 0001:0002ba00       _yaMD5_Update              0042ca00 f   yassl:ssl.obj
 0001:0002ba20       _yaMD5_Final               0042ca20 f   yassl:ssl.obj
 0001:0002ba30       _yaRAND_bytes              0042ca30 f   yassl:ssl.obj
 0001:0002ba80       _yaSSL_peek                0042ca80 f   yassl:ssl.obj
 0001:0002bac0       _yaSSL_pending             0042cac0 f   yassl:ssl.obj
 0001:0002bb00       _yaSSL_CTX_set_default_passwd_cb 0042cb00 f   yassl:ssl.obj
 0001:0002bb10       _yaSSLeay_add_ssl_algorithms 0042cb10 f   yassl:ssl.obj
 0001:0002bb20       _yaERR_remove_state        0042cb20 f   yassl:ssl.obj
 0001:0002bb30       _yaERR_GET_REASON          0042cb30 f   yassl:ssl.obj
 0001:0002bb40       _err_helper                0042cb40 f   yassl:ssl.obj
 0001:0002bb70       _yaERR_peek_error          0042cb70 f   yassl:ssl.obj
 0001:0002bba0       _yaERR_get_error           0042cba0 f   yassl:ssl.obj
 0001:0002bbd0       _yaRAND_screen             0042cbd0 f   yassl:ssl.obj
 0001:0002bbe0       _yaRAND_file_name          0042cbe0 f   yassl:ssl.obj
 0001:0002bbf0       _yaRAND_write_file         0042cbf0 f   yassl:ssl.obj
 0001:0002bc00       _yaRAND_load_file          0042cc00 f   yassl:ssl.obj
 0001:0002bc10       _yaRSA_free                0042cc10 f   yassl:ssl.obj
 0001:0002bc20       _yaRSA_generate_key        0042cc20 f   yassl:ssl.obj
 0001:0002bc30       _yaX509_LOOKUP_add_dir     0042cc30 f   yassl:ssl.obj
 0001:0002bc40       _yaX509_LOOKUP_load_file   0042cc40 f   yassl:ssl.obj
 0001:0002bc50       _yaX509_LOOKUP_hash_dir    0042cc50 f   yassl:ssl.obj
 0001:0002bc60       _yaX509_LOOKUP_file        0042cc60 f   yassl:ssl.obj
 0001:0002bc70       _yaX509_STORE_add_lookup   0042cc70 f   yassl:ssl.obj
 0001:0002bc80       _yaX509_STORE_get_by_subject 0042cc80 f   yassl:ssl.obj
 0001:0002bc90       _yaX509_STORE_new          0042cc90 f   yassl:ssl.obj
 0001:0002bca0       _yaSSL_alert_type_string_long 0042cca0 f   yassl:ssl.obj
 0001:0002bcb0       _yaSSL_alert_desc_string_long 0042ccb0 f   yassl:ssl.obj
 0001:0002bcc0       _yaSSL_state_string_long   0042ccc0 f   yassl:ssl.obj
 0001:0002bcd0       _yaSSL_CTX_set_tmp_rsa_callback 0042ccd0 f   yassl:ssl.obj
 0001:0002bce0       _yaSSL_CTX_set_timeout     0042cce0 f   yassl:ssl.obj
 0001:0002bcf0       _yaSSL_CTX_use_certificate_chain_file 0042ccf0 f   yassl:ssl.obj
 0001:0002bd00       _yaSSL_CTX_use_RSAPrivateKey_file 0042cd00 f   yassl:ssl.obj
 0001:0002bd10       _yaSSL_set_rfd             0042cd10 f   yassl:ssl.obj
 0001:0002bd20       _yaSSL_set_wfd             0042cd20 f   yassl:ssl.obj
 0001:0002bd30       _yaSSL_want_read           0042cd30 f   yassl:ssl.obj
 0001:0002bd40       _yaSSL_want_write          0042cd40 f   yassl:ssl.obj
 0001:0002bd50       _yaSSL_set_shutdown        0042cd50 f   yassl:ssl.obj
 0001:0002bd60       _yaSSL_get_current_cipher  0042cd60 f   yassl:ssl.obj
 0001:0002bd70       _yaSSL_CIPHER_description  0042cd70 f   yassl:ssl.obj
 0001:0002bd80       ?size@?$Block@EV?$AllocatorWithCleanup@E@TaoCrypt@@@TaoCrypt@@QBEIXZ 0042cd80 f i yassl:ssl.obj
 0001:0002bd90       ?get_buffer@?$Block@EV?$AllocatorWithCleanup@E@TaoCrypt@@@TaoCrypt@@QBEPAEXZ 0042cd90 f i yassl:ssl.obj
 0001:0002bda0       ??0?$auto_ptr@UBulkCipher@yaSSL@@@mySTL@@QAE@PAUBulkCipher@yaSSL@@@Z 0042cda0 f i yassl:ssl.obj
 0001:0002bdb0       ??C?$auto_ptr@UBulkCipher@yaSSL@@@mySTL@@QBEPAUBulkCipher@yaSSL@@XZ 0042cdb0 f i yassl:ssl.obj
 0001:0002bdc0       ??0?$auto_ptr@Vx509@yaSSL@@@mySTL@@QAE@PAVx509@yaSSL@@@Z 0042cdc0 f i yassl:ssl.obj
 0001:0002bdd0       ??C?$auto_ptr@Vx509@yaSSL@@@mySTL@@QBEPAVx509@yaSSL@@XZ 0042cdd0 f i yassl:ssl.obj
 0001:0002bde0       ?release@?$auto_ptr@Vx509@yaSSL@@@mySTL@@QAEPAVx509@yaSSL@@XZ 0042cde0 f i yassl:ssl.obj
 0001:0002bdf0       ??0?$auto_ptr@UBIGNUM@yaSSL@@@mySTL@@QAE@PAUBIGNUM@yaSSL@@@Z 0042cdf0 f i yassl:ssl.obj
 0001:0002be00       ?get@?$auto_ptr@UBIGNUM@yaSSL@@@mySTL@@QBEPAUBIGNUM@yaSSL@@XZ 0042ce00 f i yassl:ssl.obj
 0001:0002be10       ?release@?$auto_ptr@UBIGNUM@yaSSL@@@mySTL@@QAEPAUBIGNUM@yaSSL@@XZ 0042ce10 f i yassl:ssl.obj
 0001:0002be20       ?CheckSize@?$AllocatorBase@E@TaoCrypt@@KAXI@Z 0042ce20 f i yassl:ssl.obj
 0001:0002be30       ??$tcArrayDelete@E@TaoCrypt@@YAXPAE@Z 0042ce30 f i yassl:ssl.obj
 0001:0002be40       ??$ysDelete@UDH@yaSSL@@@yaSSL@@YAXPAUDH@0@@Z 0042ce40 f i yassl:ssl.obj
 0001:0002be50       ??$swap@V?$AllocatorWithCleanup@E@TaoCrypt@@@mySTL@@YAXAAV?$AllocatorWithCleanup@E@TaoCrypt@@0@Z 0042ce50 f i yassl:ssl.obj
 0001:0002be60       ??$ysDelete@UBulkCipher@yaSSL@@@yaSSL@@YAXPAUBulkCipher@0@@Z 0042ce60 f i yassl:ssl.obj
 0001:0002be70       ??_Gx509@yaSSL@@QAEPAXI@Z  0042ce70 f i yassl:ssl.obj
 0001:0002be90       ??_GSSL_CTX@yaSSL@@QAEPAXI@Z 0042ce90 f i yassl:ssl.obj
 0001:0002beb0       ??1BIGNUM@yaSSL@@QAE@XZ    0042ceb0 f i yassl:ssl.obj
 0001:0002bec0       ??1Security@yaSSL@@QAE@XZ  0042cec0 f i yassl:ssl.obj
 0001:0002bee0       ??1sslHashes@yaSSL@@QAE@XZ 0042cee0 f i yassl:ssl.obj
 0001:0002bf00       ??_GMD5@TaoCrypt@@UAEPAXI@Z 0042cf00 f i yassl:ssl.obj
 0001:0002bf00       ??_EMD5@TaoCrypt@@UAEPAXI@Z 0042cf00 f i yassl:ssl.obj
 0001:0002bf20       ??_EMD4@TaoCrypt@@UAEPAXI@Z 0042cf20 f i yassl:ssl.obj
 0001:0002bf20       ??_GMD4@TaoCrypt@@UAEPAXI@Z 0042cf20 f i yassl:ssl.obj
 0001:0002bf40       ?size@Source@TaoCrypt@@QBEIXZ 0042cf40 f i yassl:ssl.obj
 0001:0002bf50       ?get_buffer@Source@TaoCrypt@@QBEPBEXZ 0042cf50 f i yassl:ssl.obj
 0001:0002bf60       _yaSSLv3_method            0042cf60 f   yassl:ssl.obj
 0001:0002bfa0       _yaSSL_read                0042cfa0 f   yassl:ssl.obj
 0001:0002bfe0       _yaSSL_get_cipher_name     0042cfe0 f   yassl:ssl.obj
 0001:0002c000       ?allocate@?$AllocatorWithCleanup@E@TaoCrypt@@QAEPAEIPBX@Z 0042d000 f i yassl:ssl.obj
 0001:0002c020       ?deallocate@?$AllocatorWithCleanup@E@TaoCrypt@@QAEXPAXI@Z 0042d020 f i yassl:ssl.obj
 0001:0002c050       ?Destroy@?$auto_ptr@UBulkCipher@yaSSL@@@mySTL@@AAEXXZ 0042d050 f i yassl:ssl.obj
 0001:0002c060       ??$ysDelete@Vx509@yaSSL@@@yaSSL@@YAXPAVx509@0@@Z 0042d060 f i yassl:ssl.obj
 0001:0002c080       ??$ysDelete@VSSL_CTX@yaSSL@@@yaSSL@@YAXPAVSSL_CTX@0@@Z 0042d080 f i yassl:ssl.obj
 0001:0002c0a0       ??$StdReallocate@EV?$AllocatorWithCleanup@E@TaoCrypt@@@TaoCrypt@@YAPAEAAV?$AllocatorWithCleanup@E@0@PAEII_N@Z 0042d0a0 f i yassl:ssl.obj
 0001:0002c150       ??_GBIGNUM@yaSSL@@QAEPAXI@Z 0042d150 f i yassl:ssl.obj
 0001:0002c170       ??1SSL@yaSSL@@QAE@XZ       0042d170 f i yassl:ssl.obj
 0001:0002c1d0       _yaSSL_CTX_free            0042d1d0 f   yassl:ssl.obj
 0001:0002c1f0       ??0?$Block@EV?$AllocatorWithCleanup@E@TaoCrypt@@@TaoCrypt@@QAE@PBEI@Z 0042d1f0 f i yassl:ssl.obj
 0001:0002c230       ??1?$Block@EV?$AllocatorWithCleanup@E@TaoCrypt@@@TaoCrypt@@QAE@XZ 0042d230 f i yassl:ssl.obj
 0001:0002c260       ??1?$auto_ptr@UBulkCipher@yaSSL@@@mySTL@@QAE@XZ 0042d260 f i yassl:ssl.obj
 0001:0002c270       ?reset@?$auto_ptr@UBulkCipher@yaSSL@@@mySTL@@QAEXPAUBulkCipher@yaSSL@@@Z 0042d270 f i yassl:ssl.obj
 0001:0002c290       ?reallocate@?$AllocatorWithCleanup@E@TaoCrypt@@QAEPAEPAEII_N@Z 0042d290 f i yassl:ssl.obj
 0001:0002c2b0       ?Destroy@?$auto_ptr@Vx509@yaSSL@@@mySTL@@AAEXXZ 0042d2b0 f i yassl:ssl.obj
 0001:0002c2d0       ?New@?$Block@EV?$AllocatorWithCleanup@E@TaoCrypt@@@TaoCrypt@@QAEXI@Z 0042d2d0 f i yassl:ssl.obj
 0001:0002c330       ??$ysDelete@UBIGNUM@yaSSL@@@yaSSL@@YAXPAUBIGNUM@0@@Z 0042d330 f i yassl:ssl.obj
 0001:0002c350       ??_GSSL@yaSSL@@QAEPAXI@Z   0042d350 f i yassl:ssl.obj
 0001:0002c370       ??0Source@TaoCrypt@@QAE@PBEI@Z 0042d370 f i yassl:ssl.obj
 0001:0002c3c0       ??1Source@TaoCrypt@@QAE@XZ 0042d3c0 f i yassl:ssl.obj
 0001:0002c3f0       ??1HexDecoder@TaoCrypt@@QAE@XZ 0042d3f0 f i yassl:ssl.obj
 0001:0002c420       _yaDH_free                 0042d420 f   yassl:ssl.obj
 0001:0002c460       ??1?$auto_ptr@Vx509@yaSSL@@@mySTL@@QAE@XZ 0042d460 f i yassl:ssl.obj
 0001:0002c480       ?CleanNew@?$Block@EV?$AllocatorWithCleanup@E@TaoCrypt@@@TaoCrypt@@QAEXI@Z 0042d480 f i yassl:ssl.obj
 0001:0002c4b0       ?Destroy@?$auto_ptr@UBIGNUM@yaSSL@@@mySTL@@AAEXXZ 0042d4b0 f i yassl:ssl.obj
 0001:0002c4d0       ??$ysDelete@VSSL@yaSSL@@@yaSSL@@YAXPAVSSL@0@@Z 0042d4d0 f i yassl:ssl.obj
 0001:0002c4f0       _yaSSL_free                0042d4f0 f   yassl:ssl.obj
 0001:0002c510       ??0?$Block@EV?$AllocatorWithCleanup@E@TaoCrypt@@@TaoCrypt@@QAE@I@Z 0042d510 f i yassl:ssl.obj
 0001:0002c550       ??1?$auto_ptr@UBIGNUM@yaSSL@@@mySTL@@QAE@XZ 0042d550 f i yassl:ssl.obj
 0001:0002c570       ?reset@?$auto_ptr@UBIGNUM@yaSSL@@@mySTL@@QAEXPAUBIGNUM@yaSSL@@@Z 0042d570 f i yassl:ssl.obj
 0001:0002c5a0       ??0HexDecoder@TaoCrypt@@QAE@AAVSource@1@@Z 0042d5a0 f i yassl:ssl.obj
 0001:0002c5f0       ?read_file@yaSSL@@YAHPAVSSL_CTX@1@PBDHW4CertType@1@@Z 0042d5f0 f   yassl:ssl.obj
 0001:0002ca70       _yaSSL_CTX_use_certificate_file 0042da70 f   yassl:ssl.obj
 0001:0002ca90       _yaSSL_CTX_use_PrivateKey_file 0042da90 f   yassl:ssl.obj
 0001:0002cab0       _yaSSL_CTX_load_verify_locations 0042dab0 f   yassl:ssl.obj
 0001:0002cbf0       _yaBN_bin2bn               0042dbf0 f   yassl:ssl.obj
 0001:0002cc60       ??0Lock@Mutex@yaSSL@@QAE@AAV12@@Z 0042dc60 f i yassl:yassl_int.obj
 0001:0002cc70       ??0Ciphers@yaSSL@@QAE@XZ   0042dc70 f i yassl:yassl_int.obj
 0001:0002cc80       ??0DH_Parms@yaSSL@@QAE@XZ  0042dc80 f i yassl:yassl_int.obj
 0001:0002cca0       ??0Stats@yaSSL@@QAE@XZ     0042dca0 f i yassl:yassl_int.obj
 0001:0002cce0       ?c32to24@yaSSL@@YAXIAAY02E@Z 0042dce0 f   yassl:yassl_int.obj
 0001:0002cd00       ?c24to32@yaSSL@@YAXQBEAAI@Z 0042dd00 f   yassl:yassl_int.obj
 0001:0002cd30       ?c24to32@yaSSL@@YAIQBE@Z   0042dd30 f   yassl:yassl_int.obj
 0001:0002cd50       ?ato16@yaSSL@@YAXPBEAAG@Z  0042dd50 f   yassl:yassl_int.obj
 0001:0002cd70       ?ato24@yaSSL@@YAXPBEAAY02E@Z 0042dd70 f   yassl:yassl_int.obj
 0001:0002cd90       ?c16toa@yaSSL@@YAXGPAE@Z   0042dd90 f   yassl:yassl_int.obj
 0001:0002cda0       ?c24toa@yaSSL@@YAXQBEPAE@Z 0042dda0 f   yassl:yassl_int.obj
 0001:0002cdc0       ?c32toa@yaSSL@@YAXIPAE@Z   0042ddc0 f   yassl:yassl_int.obj
 0001:0002cdf0       ??0States@yaSSL@@QAE@XZ    0042ddf0 f   yassl:yassl_int.obj
 0001:0002ce20       ?getRecord@States@yaSSL@@QBEABW4RecordLayerState@2@XZ 0042de20 f   yassl:yassl_int.obj
 0001:0002ce30       ?getHandShake@States@yaSSL@@QBEABW4HandShakeState@2@XZ 0042de30 f   yassl:yassl_int.obj
 0001:0002ce40       ?getClient@States@yaSSL@@QBEABW4ClientState@2@XZ 0042de40 f   yassl:yassl_int.obj
 0001:0002ce50       ?getServer@States@yaSSL@@QBEABW4ServerState@2@XZ 0042de50 f   yassl:yassl_int.obj
 0001:0002ce60       ?GetConnect@States@yaSSL@@QBEABW4ConnectState@2@XZ 0042de60 f   yassl:yassl_int.obj
 0001:0002ce70       ?GetAccept@States@yaSSL@@QBEABW4AcceptState@2@XZ 0042de70 f   yassl:yassl_int.obj
 0001:0002ce80       ?getString@States@yaSSL@@QBEPBDXZ 0042de80 f   yassl:yassl_int.obj
 0001:0002ce90       ?What@States@yaSSL@@QBE?AW4YasslError@2@XZ 0042de90 f   yassl:yassl_int.obj
 0001:0002cea0       ?useRecord@States@yaSSL@@QAEAAW4RecordLayerState@2@XZ 0042dea0 f   yassl:yassl_int.obj
 0001:0002ceb0       ?useHandShake@States@yaSSL@@QAEAAW4HandShakeState@2@XZ 0042deb0 f   yassl:yassl_int.obj
 0001:0002cec0       ?useClient@States@yaSSL@@QAEAAW4ClientState@2@XZ 0042dec0 f   yassl:yassl_int.obj
 0001:0002ced0       ?useServer@States@yaSSL@@QAEAAW4ServerState@2@XZ 0042ded0 f   yassl:yassl_int.obj
 0001:0002cee0       ?UseConnect@States@yaSSL@@QAEAAW4ConnectState@2@XZ 0042dee0 f   yassl:yassl_int.obj
 0001:0002cef0       ?UseAccept@States@yaSSL@@QAEAAW4AcceptState@2@XZ 0042def0 f   yassl:yassl_int.obj
 0001:0002cf00       ?useString@States@yaSSL@@QAEPADXZ 0042df00 f   yassl:yassl_int.obj
 0001:0002cf10       ?SetError@States@yaSSL@@QAEXW4YasslError@2@@Z 0042df10 f   yassl:yassl_int.obj
 0001:0002cf20       ?getMessage@sslFactory@yaSSL@@QBEABV?$Factory@UMessage@yaSSL@@HP6APAU12@XZ@2@XZ 0042df20 f   yassl:yassl_int.obj
 0001:0002cf30       ?getHandShake@sslFactory@yaSSL@@QBEABV?$Factory@VHandShakeBase@yaSSL@@HP6APAV12@XZ@2@XZ 0042df30 f   yassl:yassl_int.obj
 0001:0002cf40       ?getServerKey@sslFactory@yaSSL@@QBEABV?$Factory@UServerKeyBase@yaSSL@@HP6APAU12@XZ@2@XZ 0042df40 f   yassl:yassl_int.obj
 0001:0002cf50       ?getClientKey@sslFactory@yaSSL@@QBEABV?$Factory@UClientKeyBase@yaSSL@@HP6APAU12@XZ@2@XZ 0042df50 f   yassl:yassl_int.obj
 0001:0002cf60       ?SetCompression@SSL@yaSSL@@QAEHXZ 0042df60 f   yassl:yassl_int.obj
 0001:0002cf70       ?SetError@SSL@yaSSL@@QAEXW4YasslError@2@@Z 0042df70 f   yassl:yassl_int.obj
 0001:0002cf80       ?SetQuietShutdown@SSL@yaSSL@@QAEX_N@Z 0042df80 f   yassl:yassl_int.obj
 0001:0002cf90       ?useBuffers@SSL@yaSSL@@QAEAAVBuffers@2@XZ 0042df90 f   yassl:yassl_int.obj
 0001:0002d050       ?order_error@SSL@yaSSL@@QAEXXZ 0042e050 f   yassl:yassl_int.obj
 0001:0002d060       ??0SumData@yassl_int_cpp_local1@yaSSL@@QAE@XZ 0042e060 f i yassl:yassl_int.obj
 0001:0002d070       ??RSumData@yassl_int_cpp_local1@yaSSL@@QAEXPAVinput_buffer@2@@Z 0042e070 f i yassl:yassl_int.obj
 0001:0002d090       ??0SumBuffer@yassl_int_cpp_local1@yaSSL@@QAE@XZ 0042e090 f i yassl:yassl_int.obj
 0001:0002d0a0       ??RSumBuffer@yassl_int_cpp_local1@yaSSL@@QAEXPAVoutput_buffer@2@@Z 0042e0a0 f i yassl:yassl_int.obj
 0001:0002d0c0       ?Send@SSL@yaSSL@@QAEXPBEI@Z 0042e0c0 f   yassl:yassl_int.obj
 0001:0002d0f0       ?getCrypto@SSL@yaSSL@@QBEABVCrypto@2@XZ 0042e0f0 f   yassl:yassl_int.obj
 0001:0002d100       ?getSecurity@SSL@yaSSL@@QBEABVSecurity@2@XZ 0042e100 f   yassl:yassl_int.obj
 0001:0002d110       ?getStates@SSL@yaSSL@@QBEABVStates@2@XZ 0042e110 f   yassl:yassl_int.obj
 0001:0002d120       ?getHashes@SSL@yaSSL@@QBEABVsslHashes@2@XZ 0042e120 f   yassl:yassl_int.obj
 0001:0002d130       ?getSocket@SSL@yaSSL@@QBEABVSocket@2@XZ 0042e130 f   yassl:yassl_int.obj
 0001:0002d140       ?GetError@SSL@yaSSL@@QBE?AW4YasslError@2@XZ 0042e140 f   yassl:yassl_int.obj
 0001:0002d150       ?GetQuietShutdown@SSL@yaSSL@@QBE_NXZ 0042e150 f   yassl:yassl_int.obj
 0001:0002d160       ?useCrypto@SSL@yaSSL@@QAEAAVCrypto@2@XZ 0042e160 f   yassl:yassl_int.obj
 0001:0002d170       ?useSecurity@SSL@yaSSL@@QAEAAVSecurity@2@XZ 0042e170 f   yassl:yassl_int.obj
 0001:0002d180       ?useStates@SSL@yaSSL@@QAEAAVStates@2@XZ 0042e180 f   yassl:yassl_int.obj
 0001:0002d190       ?useHashes@SSL@yaSSL@@QAEAAVsslHashes@2@XZ 0042e190 f   yassl:yassl_int.obj
 0001:0002d1a0       ?useSocket@SSL@yaSSL@@QAEAAVSocket@2@XZ 0042e1a0 f   yassl:yassl_int.obj
 0001:0002d1b0       ?useLog@SSL@yaSSL@@QAEAAVLog@2@XZ 0042e1b0 f   yassl:yassl_int.obj
 0001:0002d1c0       ?HasData@SSL@yaSSL@@QBE_NXZ 0042e1c0 f   yassl:yassl_int.obj
 0001:0002d1d0       ??0SSL_SESSION@yaSSL@@QAE@AAVRandomPool@1@@Z 0042e1d0 f   yassl:yassl_int.obj
[...]
 0003:00130ce8       _gpFlsSetValue             005e8ce8     LIBCMT:tidtable.obj
 0003:00130cec       _gpFlsFree                 005e8cec     LIBCMT:tidtable.obj
 0003:00130cf4       __stdbuf                   005e8cf4     LIBCMT:_sftbuf.obj
 0003:00130cfc       __adbgmsg                  005e8cfc     LIBCMT:crt0msg.obj
 0003:00130e0c       ?_pnhHeap@@3P6AHI@ZA       005e8e0c     LIBCMT:handler.obj
 0003:00130e10       __newmode                  005e8e10     LIBCMT:_newmode.obj
 0003:00130e18       ___lc_handle               005e8e18     LIBCMT:nlsdata2.obj
 0003:00130e30       ___lc_codepage             005e8e30     LIBCMT:nlsdata2.obj
 0003:00130e34       ___lc_collate_cp           005e8e34     LIBCMT:nlsdata2.obj
 0003:00130e38       ___lconv_static_null       005e8e38     LIBCMT:lconv.obj
 0003:00130e3c       ___lc_time_intl            005e8e3c     LIBCMT:inittime.obj
 0003:00130e40       ___lconv_intl              005e8e40     LIBCMT:initmon.obj
 0003:00130e6c       ___lc_id                   005e8e6c     LIBCMT:nlsdata3.obj
 0003:00130ef4       __commode                  005e8ef4     LIBCMT:ncommode.obj
 0003:00130ef8       __fmode                    005e8ef8     LIBCMT:txtmode.obj
 0003:00130f18       _thr_client_alarm          005e8f18     <common>
 0003:00130f40       _errbuff                   005e8f40     <common>
 0003:001311b0       _my_signals                005e91b0     <common>
 0003:001311c0       _default_directories       005e91c0     <common>
 0003:00131200       _all_charsets              005e9200     <common>
 0003:001316e0       _THR_LOCK_threads          005e96e0     <common>
 0003:00131740       _LOCK_gethostbyname_r      005e9740     <common>
 0003:00131760       _THR_COND_threads          005e9760     <common>
 0003:001317a0       _THR_LOCK_malloc           005e97a0     <common>
 0003:001317c0       _THR_LOCK_isam             005e97c0     <common>
 0003:001317e0       _THR_LOCK_myisam           005e97e0     <common>
 0003:00131800       _THR_LOCK_heap             005e9800     <common>
 0003:00131820       _THR_LOCK_open             005e9820     <common>
 0003:00131840       _THR_LOCK_charset          005e9840     <common>
 0003:00131860       _THR_LOCK_lock             005e9860     <common>
 0003:00131880       _LOCK_localtime_r          005e9880     <common>
 0003:001318a0       _THR_LOCK_net              005e98a0     <common>
 0003:001318b8       ___mblcid                  005e98b8     <common>
 0003:00131930       ___ptmbcinfo               005e9930     <common>
 0003:00131934       ___ismbcodepage            005e9934     <common>
 0003:00131940       __mbctype                  005e9940     <common>
 0003:00131a44       ___mbcodepage              005e9a44     <common>
 0003:00131a50       ___mbulinfo                005e9a50     <common>
 0003:00131a60       __mbcasemap                005e9a60     <common>
 0003:00131b60       ___ctype1                  005e9b60     <common>
 0003:00131b70       ___ctype1_refcount         005e9b70     <common>
 0003:00131b74       ___lconv_mon_refcount      005e9b74     <common>
 0003:00131b84       ___lconv_intl_refcount     005e9b84     <common>
 0003:00131b88       ___lconv_num_refcount      005e9b88     <common>
 0003:00131b94       ___sbh_initialized         005e9b94     <common>
 0003:00131ba8       ___sbh_pHeaderDefer        005e9ba8     <common>
 0003:00131bac       ___sbh_cntHeaderList       005e9bac     <common>
 0003:00131bb0       ___sbh_pHeaderList         005e9bb0     <common>
 0003:00131bb4       ___sbh_threshold           005e9bb4     <common>
 0003:00131bb8       ___sbh_pHeaderScan         005e9bb8     <common>
 0003:00131bbc       ___sbh_sizeHeaderList      005e9bbc     <common>
 0003:00131bc0       ___sbh_indGroupDefer       005e9bc0     <common>
 0003:00131bc4       __crtheap                  005e9bc4     <common>
 0003:00131bd4       ___active_heap             005e9bd4     <common>
 0003:00131bd8       ___use_sse2_mathfcns       005e9bd8     <common>
 0003:00131be8       ___sse2_available          005e9be8     <common>
 0003:00131bec       __nhandle                  005e9bec     <common>
 0003:00131c40       ___pioinfo                 005e9c40     <common>
 0003:00131d40       ___setlc_active            005e9d40     <common>
 0003:00131d50       ___unguarded_readlc_active 005e9d50     <common>
 0003:00131d54       __acmdln                   005e9d54     <common>
 0003:00131d60       ___env_initialized         005e9d60     <common>
 0003:00131d70       ___onexitend               005e9d70     <common>
 0003:00131d74       ___onexitbegin             005e9d74     <common>
 0003:00131d78       ___mbctype_initialized     005e9d78     <common>
 0003:00131d7c       ___piob                    005e9d7c     <common>
 0003:001320c0       __bufin                    005ea0c0     <common>
 0003:001330c0       __nstream                  005eb0c0     <common>
 0004:00000000       __IMPORT_DESCRIPTOR_KERNEL32 005ec000     kernel32:KERNEL32.dll
 0004:00000014       __IMPORT_DESCRIPTOR_ADVAPI32 005ec014     advapi32:ADVAPI32.dll
 0004:00000028       __IMPORT_DESCRIPTOR_WSOCK32 005ec028     wsock32:WSOCK32.dll
 0004:0000003c       __IMPORT_DESCRIPTOR_USER32 005ec03c     user32:USER32.dll
 0004:00000050       __NULL_IMPORT_DESCRIPTOR   005ec050     kernel32:KERNEL32.dll
 0004:00000430       __imp__RegCloseKey@4       005ec430     advapi32:ADVAPI32.dll
 0004:00000434       __imp__RegOpenKeyExA@20    005ec434     advapi32:ADVAPI32.dll
 0004:00000438       __imp__CryptAcquireContextA@20 005ec438     advapi32:ADVAPI32.dll
 0004:0000043c       __imp__CryptReleaseContext@8 005ec43c     advapi32:ADVAPI32.dll
 0004:00000440       __imp__CryptGenRandom@12   005ec440     advapi32:ADVAPI32.dll
 0004:00000444       __imp__StartServiceCtrlDispatcherA@4 005ec444     advapi32:ADVAPI32.dll
 0004:00000448       __imp__RegisterServiceCtrlHandlerA@8 005ec448     advapi32:ADVAPI32.dll
 0004:0000044c       __imp__DeleteService@4     005ec44c     advapi32:ADVAPI32.dll
 0004:00000450       __imp__CreateServiceA@52   005ec450     advapi32:ADVAPI32.dll
 0004:00000454       __imp__SetServiceStatus@8  005ec454     advapi32:ADVAPI32.dll
 0004:00000458       __imp__OpenSCManagerA@12   005ec458     advapi32:ADVAPI32.dll
 0004:0000045c       __imp__OpenServiceA@12     005ec45c     advapi32:ADVAPI32.dll
 0004:00000460       __imp__CloseServiceHandle@4 005ec460     advapi32:ADVAPI32.dll
 0004:00000464       __imp__RegEnumValueA@32    005ec464     advapi32:ADVAPI32.dll
 0004:00000468       \177ADVAPI32_NULL_THUNK_DATA 005ec468     advapi32:ADVAPI32.dll
 0004:0000049c       __imp__GetModuleHandleA@4  005ec49c     kernel32:KERNEL32.dll
 0004:000004a0       __imp__TerminateProcess@8  005ec4a0     kernel32:KERNEL32.dll
 0004:000004a4       __imp__OpenProcess@12      005ec4a4     kernel32:KERNEL32.dll
 0004:000004a8       __imp__Sleep@4             005ec4a8     kernel32:KERNEL32.dll
 0004:000004ac       __imp__GetCurrentThreadId@0 005ec4ac     kernel32:KERNEL32.dll
 0004:000004b0       __imp__GetModuleFileNameA@12 005ec4b0     kernel32:KERNEL32.dll
 0004:000004b4       __imp__SetNamedPipeHandleState@16 005ec4b4     kernel32:KERNEL32.dll
 0004:000004b8       __imp__GetCurrentProcess@0 005ec4b8     kernel32:KERNEL32.dll
 0004:000004bc       __imp__CreateFileA@28      005ec4bc     kernel32:KERNEL32.dll
 0004:000004c0       __imp__DuplicateHandle@28  005ec4c0     kernel32:KERNEL32.dll
 0004:000004c4       __imp__GetProcAddress@8    005ec4c4     kernel32:KERNEL32.dll
 0004:000004c8       __imp__CreateRemoteThread@28 005ec4c8     kernel32:KERNEL32.dll
 0004:000004cc       __imp__GetLastError@0      005ec4cc     kernel32:KERNEL32.dll
 0004:000004d0       __imp__SetLastError@4      005ec4d0     kernel32:KERNEL32.dll
 0004:000004d4       __imp__CreateProcessA@40   005ec4d4     kernel32:KERNEL32.dll
 0004:000004d8       __imp__WaitForSingleObject@8 005ec4d8     kernel32:KERNEL32.dll
 0004:000004dc       __imp__GetExitCodeProcess@8 005ec4dc     kernel32:KERNEL32.dll
 0004:000004e0       __imp__CloseHandle@4       005ec4e0     kernel32:KERNEL32.dll
 0004:000004e4       __imp__SetCurrentDirectoryA@4 005ec4e4     kernel32:KERNEL32.dll
 0004:000004e8       __imp__GetFullPathNameA@16 005ec4e8     kernel32:KERNEL32.dll
 0004:000004ec       __imp__GetCurrentDirectoryA@8 005ec4ec     kernel32:KERNEL32.dll
 0004:000004f0       __imp__PeekNamedPipe@24    005ec4f0     kernel32:KERNEL32.dll
 0004:000004f4       __imp__GetFileInformationByHandle@8 005ec4f4     kernel32:KERNEL32.dll
 0004:000004f8       __imp__GetDriveTypeA@4     005ec4f8     kernel32:KERNEL32.dll
 0004:000004fc       __imp__GetSystemTimeAsFileTime@4 005ec4fc     kernel32:KERNEL32.dll
 0004:00000500       __imp__EnterCriticalSection@4 005ec500     kernel32:KERNEL32.dll
 0004:00000504       __imp__LeaveCriticalSection@4 005ec504     kernel32:KERNEL32.dll
 0004:00000508       __imp__DeleteCriticalSection@4 005ec508     kernel32:KERNEL32.dll
 0004:0000050c       __imp__WaitNamedPipeA@8    005ec50c     kernel32:KERNEL32.dll
 0004:00000510       __imp__InitializeCriticalSection@4 005ec510     kernel32:KERNEL32.dll
 0004:00000514       __imp__GetLocaleInfoW@16   005ec514     kernel32:KERNEL32.dll
 0004:00000518       __imp__LCMapStringW@24     005ec518     kernel32:KERNEL32.dll
 0004:0000051c       __imp__LCMapStringA@24     005ec51c     kernel32:KERNEL32.dll
 0004:00000520       __imp__SetEnvironmentVariableA@8 005ec520     kernel32:KERNEL32.dll
 0004:00000524       __imp__CompareStringW@24   005ec524     kernel32:KERNEL32.dll
 0004:00000528       __imp__CompareStringA@24   005ec528     kernel32:KERNEL32.dll
 0004:0000052c       __imp__GetOEMCP@0          005ec52c     kernel32:KERNEL32.dll
 0004:00000530       __imp__GetACP@0            005ec530     kernel32:KERNEL32.dll
 0004:00000534       __imp__LoadLibraryA@4      005ec534     kernel32:KERNEL32.dll
 0004:00000538       __imp__HeapSize@12         005ec538     kernel32:KERNEL32.dll
 0004:0000053c       __imp__InterlockedExchange@8 005ec53c     kernel32:KERNEL32.dll
 0004:00000540       __imp__RaiseException@16   005ec540     kernel32:KERNEL32.dll
 0004:00000544       __imp__FlushFileBuffers@4  005ec544     kernel32:KERNEL32.dll
 0004:00000548       __imp__CreateEventA@16     005ec548     kernel32:KERNEL32.dll
 0004:0000054c       __imp__SetEvent@4          005ec54c     kernel32:KERNEL32.dll
 0004:00000550       __imp__ResetEvent@4        005ec550     kernel32:KERNEL32.dll
 0004:00000554       __imp__WaitForMultipleObjects@16 005ec554     kernel32:KERNEL32.dll
 0004:00000558       __imp__SetThreadPriority@8 005ec558     kernel32:KERNEL32.dll
 0004:0000055c       __imp__GetLocaleInfoA@16   005ec55c     kernel32:KERNEL32.dll
 0004:00000560       __imp__GetSystemDirectoryA@8 005ec560     kernel32:KERNEL32.dll
 0004:00000564       __imp__GetWindowsDirectoryA@8 005ec564     kernel32:KERNEL32.dll
 0004:00000568       __imp__InterlockedIncrement@4 005ec568     kernel32:KERNEL32.dll
 0004:0000056c       __imp__DeleteFileA@4       005ec56c     kernel32:KERNEL32.dll
 0004:00000570       __imp__MoveFileA@8         005ec570     kernel32:KERNEL32.dll
 0004:00000574       __imp__GetTickCount@0      005ec574     kernel32:KERNEL32.dll
 0004:00000578       __imp__GetFileAttributesExA@12 005ec578     kernel32:KERNEL32.dll
 0004:0000057c       __imp__SetEndOfFile@4      005ec57c     kernel32:KERNEL32.dll
 0004:00000580       __imp__SetFilePointer@16   005ec580     kernel32:KERNEL32.dll
 0004:00000584       __imp__ReadFile@20         005ec584     kernel32:KERNEL32.dll
 0004:00000588       __imp__WriteFile@20        005ec588     kernel32:KERNEL32.dll
 0004:0000058c       __imp__UnmapViewOfFile@4   005ec58c     kernel32:KERNEL32.dll
 0004:00000590       __imp__FindClose@4         005ec590     kernel32:KERNEL32.dll
 0004:00000594       __imp__FindNextFileA@8     005ec594     kernel32:KERNEL32.dll
 0004:00000598       __imp__FindFirstFileA@8    005ec598     kernel32:KERNEL32.dll
 0004:0000059c       __imp__QueryPerformanceCounter@4 005ec59c     kernel32:KERNEL32.dll
 0004:000005a0       __imp__QueryPerformanceFrequency@4 005ec5a0     kernel32:KERNEL32.dll
 0004:000005a4       __imp__ExitProcess@4       005ec5a4     kernel32:KERNEL32.dll
 0004:000005a8       __imp__SetConsoleCtrlHandler@8 005ec5a8     kernel32:KERNEL32.dll
 0004:000005ac       __imp__ReadConsoleInputA@16 005ec5ac     kernel32:KERNEL32.dll
 0004:000005b0       __imp__SetConsoleMode@8    005ec5b0     kernel32:KERNEL32.dll
 0004:000005b4       __imp__GetConsoleMode@8    005ec5b4     kernel32:KERNEL32.dll
 0004:000005b8       __imp__PeekConsoleInputA@16 005ec5b8     kernel32:KERNEL32.dll
 0004:000005bc       __imp__GetNumberOfConsoleInputEvents@8 005ec5bc     kernel32:KERNEL32.dll
 0004:000005c0       __imp__WriteConsoleA@20    005ec5c0     kernel32:KERNEL32.dll
 0004:000005c4       __imp__GetCommandLineA@0   005ec5c4     kernel32:KERNEL32.dll
 0004:000005c8       __imp__GetVersionExA@4     005ec5c8     kernel32:KERNEL32.dll
 0004:000005cc       __imp__HeapReAlloc@16      005ec5cc     kernel32:KERNEL32.dll
 0004:000005d0       __imp__HeapAlloc@12        005ec5d0     kernel32:KERNEL32.dll
 0004:000005d4       __imp__HeapFree@12         005ec5d4     kernel32:KERNEL32.dll
 0004:000005d8       __imp__FileTimeToSystemTime@8 005ec5d8     kernel32:KERNEL32.dll
 0004:000005dc       __imp__FileTimeToLocalFileTime@8 005ec5dc     kernel32:KERNEL32.dll
 0004:000005e0       __imp__SetStdHandle@8      005ec5e0     kernel32:KERNEL32.dll
 0004:000005e4       __imp__GetFileType@4       005ec5e4     kernel32:KERNEL32.dll
 0004:000005e8       __imp__ExitThread@4        005ec5e8     kernel32:KERNEL32.dll
 0004:000005ec       __imp__ResumeThread@4      005ec5ec     kernel32:KERNEL32.dll
 0004:000005f0       __imp__CreateThread@24     005ec5f0     kernel32:KERNEL32.dll
 0004:000005f4       __imp__WideCharToMultiByte@32 005ec5f4     kernel32:KERNEL32.dll
 0004:000005f8       __imp__GetTimeZoneInformation@4 005ec5f8     kernel32:KERNEL32.dll
 0004:000005fc       __imp__RtlUnwind@16        005ec5fc     kernel32:KERNEL32.dll
 0004:00000600       __imp__FatalAppExitA@8     005ec600     kernel32:KERNEL32.dll
 0004:00000604       __imp__TlsAlloc@0          005ec604     kernel32:KERNEL32.dll
 0004:00000608       __imp__GetCurrentThread@0  005ec608     kernel32:KERNEL32.dll
 0004:0000060c       __imp__TlsFree@4           005ec60c     kernel32:KERNEL32.dll
 0004:00000610       __imp__TlsSetValue@8       005ec610     kernel32:KERNEL32.dll
 0004:00000614       __imp__TlsGetValue@4       005ec614     kernel32:KERNEL32.dll
 0004:00000618       __imp__GetCurrentProcessId@0 005ec618     kernel32:KERNEL32.dll
 0004:0000061c       __imp__SetHandleCount@4    005ec61c     kernel32:KERNEL32.dll
 0004:00000620       __imp__GetStdHandle@4      005ec620     kernel32:KERNEL32.dll
 0004:00000624       __imp__GetStartupInfoA@4   005ec624     kernel32:KERNEL32.dll
 0004:00000628       __imp__UnhandledExceptionFilter@4 005ec628     kernel32:KERNEL32.dll
 0004:0000062c       __imp__GetFileAttributesA@4 005ec62c     kernel32:KERNEL32.dll
 0004:00000630       __imp__CreatePipe@16       005ec630     kernel32:KERNEL32.dll
 0004:00000634       __imp__VirtualProtect@16   005ec634     kernel32:KERNEL32.dll
 0004:00000638       __imp__VirtualAlloc@16     005ec638     kernel32:KERNEL32.dll
 0004:0000063c       __imp__GetSystemInfo@4     005ec63c     kernel32:KERNEL32.dll
 0004:00000640       __imp__VirtualQuery@12     005ec640     kernel32:KERNEL32.dll
 0004:00000644       __imp__FreeEnvironmentStringsA@4 005ec644     kernel32:KERNEL32.dll
 0004:00000648       __imp__GetEnvironmentStrings@0 005ec648     kernel32:KERNEL32.dll
 0004:0000064c       __imp__FreeEnvironmentStringsW@4 005ec64c     kernel32:KERNEL32.dll
 0004:00000650       __imp__GetEnvironmentStringsW@0 005ec650     kernel32:KERNEL32.dll
 0004:00000654       __imp__HeapDestroy@4       005ec654     kernel32:KERNEL32.dll
 0004:00000658       __imp__HeapCreate@12       005ec658     kernel32:KERNEL32.dll
 0004:0000065c       __imp__VirtualFree@12      005ec65c     kernel32:KERNEL32.dll
 0004:00000660       __imp__IsBadWritePtr@8     005ec660     kernel32:KERNEL32.dll
 0004:00000664       __imp__GetTimeFormatA@24   005ec664     kernel32:KERNEL32.dll
 0004:00000668       __imp__GetDateFormatA@24   005ec668     kernel32:KERNEL32.dll
 0004:0000066c       __imp__GetCPInfo@8         005ec66c     kernel32:KERNEL32.dll
 0004:00000670       __imp__GetUserDefaultLCID@0 005ec670     kernel32:KERNEL32.dll
 0004:00000674       __imp__EnumSystemLocalesA@8 005ec674     kernel32:KERNEL32.dll
 0004:00000678       __imp__IsValidLocale@8     005ec678     kernel32:KERNEL32.dll
 0004:0000067c       __imp__IsValidCodePage@4   005ec67c     kernel32:KERNEL32.dll
 0004:00000680       __imp__GetStringTypeA@20   005ec680     kernel32:KERNEL32.dll
 0004:00000684       __imp__MultiByteToWideChar@24 005ec684     kernel32:KERNEL32.dll
 0004:00000688       __imp__GetStringTypeW@16   005ec688     kernel32:KERNEL32.dll
 0004:0000068c       __imp__SetEnvironmentVariableW@8 005ec68c     kernel32:KERNEL32.dll
 0004:00000690       \177KERNEL32_NULL_THUNK_DATA 005ec690     kernel32:KERNEL32.dll
 0004:00000720       __imp__PeekMessageA@20     005ec720     user32:USER32.dll
 0004:00000724       __imp__KillTimer@8         005ec724     user32:USER32.dll
 0004:00000728       __imp__SetTimer@16         005ec728     user32:USER32.dll
 0004:0000072c       \177USER32_NULL_THUNK_DATA 005ec72c     user32:USER32.dll
 0004:00000758       __imp__recv@16             005ec758     wsock32:WSOCK32.dll
 0004:0000075c       __imp__gethostbyname@4     005ec75c     wsock32:WSOCK32.dll
 0004:00000760       __imp__WSAStartup@8        005ec760     wsock32:WSOCK32.dll
 0004:00000764       __imp__WSACleanup@0        005ec764     wsock32:WSOCK32.dll
 0004:00000768       __imp__WSAGetLastError@0   005ec768     wsock32:WSOCK32.dll
 0004:0000076c       __imp__connect@12          005ec76c     wsock32:WSOCK32.dll
 0004:00000770       __imp__select@20           005ec770     wsock32:WSOCK32.dll
 0004:00000774       __imp____WSAFDIsSet@8      005ec774     wsock32:WSOCK32.dll
 0004:00000778       __imp__send@16             005ec778     wsock32:WSOCK32.dll
 0004:0000077c       __imp__ntohs@4             005ec77c     wsock32:WSOCK32.dll
 0004:00000780       __imp__getpeername@12      005ec780     wsock32:WSOCK32.dll
 0004:00000784       __imp__WSASetLastError@4   005ec784     wsock32:WSOCK32.dll
 0004:00000788       __imp__accept@12           005ec788     wsock32:WSOCK32.dll
 0004:0000078c       __imp__shutdown@8          005ec78c     wsock32:WSOCK32.dll
 0004:00000790       __imp__socket@12           005ec790     wsock32:WSOCK32.dll
 0004:00000794       __imp__inet_addr@4         005ec794     wsock32:WSOCK32.dll
 0004:00000798       __imp__htonl@4             005ec798     wsock32:WSOCK32.dll
 0004:0000079c       __imp__htons@4             005ec79c     wsock32:WSOCK32.dll
 0004:000007a0       __imp__inet_ntoa@4         005ec7a0     wsock32:WSOCK32.dll
 0004:000007a4       __imp__setsockopt@20       005ec7a4     wsock32:WSOCK32.dll
 0004:000007a8       __imp__bind@12             005ec7a8     wsock32:WSOCK32.dll
 0004:000007ac       __imp__closesocket@4       005ec7ac     wsock32:WSOCK32.dll
 0004:000007b0       __imp__listen@8            005ec7b0     wsock32:WSOCK32.dll
 0004:000007b4       __imp__ioctlsocket@12      005ec7b4     wsock32:WSOCK32.dll
 0004:000007b8       __imp__gethostname@8       005ec7b8     wsock32:WSOCK32.dll
 0004:000007bc       \177WSOCK32_NULL_THUNK_DATA 005ec7bc     wsock32:WSOCK32.dll
 0005:00000000       __tls_start                005ee000     LIBCMT:tlssup.obj
 0005:00000108       _THR_KEY_mysys             005ee108     mysys:my_thr_init.obj
 0005:0000028e       __tls_end                  005ee28e     LIBCMT:tlssup.obj

 entry point at        0001:00067f65

